ets Jun  8 2016 00:22:57

rst:0x1 (POWERON_RESET),boot:0x3 (DOWNLOAD_BOOT(UART0/UART1/SDIO_REI_REO_V2))
waiting for download
ets Jun  8 2016 00:22:57

rst:0x1 (POWERON_RESET),boot:0x13 (SPI_FAST_FLASH_BOOT)
configsip: 188777542, SPIWP:0xee
clk_drv:0x00,q_drv:0x00,d_drv:0x00,cs0_drv:0x00,hd_drv:0x00,wp_drv:0x00
mode:DIO, clock div:2
load:0x3fff0030,len:7096
load:0x40078000,len:15584
load:0x40080400,len:4
ho 8 tail 4 room 4
load:0x40080404,len:3876
entry 0x4008064c
[0;32mI (32) boot: ESP-IDF v5.1.2-365-ge60b0235ad 2nd stage bootloader[0m
[0;32mI (32) boot: compile time Apr  1 2024 23:03:50[0m
[0;32mI (33) boot: Multicore bootloader[0m
[0;32mI (37) boot: chip revision: v1.0[0m
[0;32mI (41) boot.esp32: SPI Speed      : 40MHz[0m
[0;32mI (46) boot.esp32: SPI Mode       : DIO[0m
[0;32mI (50) boot.esp32: SPI Flash Size : 2MB[0m
[0;32mI (55) boot: Enabling RNG early entropy source...[0m
[0;32mI (60) boot: Partition Table:[0m
[0;32mI (64) boot: ## Label            Usage          Type ST Offset   Length[0m
[0;32mI (71) boot:  0 nvs              WiFi data        01 02 00009000 00006000[0m
[0;32mI (78) boot:  1 phy_init         RF data          01 01 0000f000 00001000[0m
[0;32mI (86) boot:  2 factory          factory app      00 00 00010000 00100000[0m
[0;32mI (93) boot: End of partition table[0m
[0;32mI (98) esp_image: segment 0: paddr=00010020 vaddr=3f400020 size=0b498h ( 46232) map[0m
[0;32mI (123) esp_image: segment 1: paddr=0001b4c0 vaddr=3ffb0000 size=02178h (  8568) load[0m
[0;32mI (126) esp_image: segment 2: paddr=0001d640 vaddr=40080000 size=029d8h ( 10712) load[0m
[0;32mI (133) esp_image: segment 3: paddr=00020020 vaddr=400d0020 size=16918h ( 92440) map[0m
[0;32mI (170) esp_image: segment 4: paddr=00036940 vaddr=400829d8 size=0acech ( 44268) load[0m
[0;32mI (196) boot: Loaded app from partition at offset 0x10000[0m
[0;32mI (196) boot: Disabling RNG early entropy source...[0m
[0;32mI (207) cpu_start: Multicore app[0m
[0;32mI (208) cpu_start: Pro cpu up.[0m
[0;32mI (208) cpu_start: Starting app cpu, entry point is 0x40081200[0m
[0;32mI (0) cpu_start: App cpu up.[0m
[0;32mI (226) cpu_start: Pro cpu start user code[0m
[0;32mI (226) cpu_start: cpu freq: 160000000 Hz[0m
[0;32mI (226) cpu_start: Application information:[0m
[0;32mI (230) cpu_start: Project name:     main[0m
[0;32mI (235) cpu_start: App version:      2de3fa6-dirty[0m
[0;32mI (241) cpu_start: Compile time:     Apr  1 2024 23:03:46[0m
[0;32mI (247) cpu_start: ELF file SHA256:  4a5c1a671f1b5695...[0m
[0;32mI (253) cpu_start: ESP-IDF:          v5.1.2-365-ge60b0235ad[0m
[0;32mI (259) cpu_start: Min chip rev:     v0.0[0m
[0;32mI (264) cpu_start: Max chip rev:     v3.99 [0m
[0;32mI (268) cpu_start: Chip rev:         v1.0[0m
[0;32mI (273) heap_init: Initializing. RAM available for dynamic allocation:[0m
[0;32mI (281) heap_init: At 3FFAE6E0 len 00001920 (6 KiB): DRAM[0m
[0;32mI (286) heap_init: At 3FFB2A48 len 0002D5B8 (181 KiB): DRAM[0m
[0;32mI (293) heap_init: At 3FFE0440 len 00003AE0 (14 KiB): D/IRAM[0m
[0;32mI (299) heap_init: At 3FFE4350 len 0001BCB0 (111 KiB): D/IRAM[0m
[0;32mI (305) heap_init: At 4008D6C4 len 0001293C (74 KiB): IRAM[0m
[0;32mI (313) spi_flash: detected chip: gd[0m
[0;32mI (316) spi_flash: flash io: dio[0m
[0;33mW (320) spi_flash: Detected size(4096k) larger than the size in the binary image header(2048k). Using the size in the binary image header.[0m
[0;32mI (334) app_start: Starting scheduler on CPU0[0m
[0;32mI (338) app_start: Starting scheduler on CPU1[0m
[0;32mI (338) main_task: Started on CPU0[0m
[0;32mI (348) main_task: Calling app_main()[0m
[0;32mI (348) COTS: Cots initialization[0m
[0;32mI (348) COTS: **** TELEMETRUM ****[0m
[0;32mI (358) gpio: GPIO[19]| InputEn: 0| OutputEn: 1| OpenDrain: 0| Pullup: 0| Pulldown: 0| Intr:0 [0m
[0;32mI (368) COTS: Telemetrum initialization done :D[0m
[0;32mI (368) COTS: Cots initialization[0m
[0;32mI (378) COTS: ***** EASYMINI *****[0m
[0;32mI (378) gpio: GPIO[18]| InputEn: 0| OutputEn: 1| OpenDrain: 0| Pullup: 0| Pulldown: 0| Intr:0 [0m
[0;32mI (388) gpio: GPIO[10]| InputEn: 1| OutputEn: 0| OpenDrain: 0| Pullup: 0| Pulldown: 0| Intr:0 [0m
[0;32mI (398) gpio: GPIO[9]| InputEn: 1| OutputEn: 0| OpenDrain: 0| Pullup: 0| Pulldown: 0| Intr:4 [0m
[0;32mI (408) COTS: EasyMini initialization done :D[0m
[0;32mI (408) RECOVERY: Recovery System Initialization[0m
[0;32mI (418) RECOVERY: DUPA[0m
[0;32mI (418) gpio: GPIO[4]| InputEn: 1| OutputEn: 0| OpenDrain: 0| Pullup: 0| Pulldown: 0| Intr:0 [0m
[0;32mI (428) gpio: GPIO[10]| InputEn: 1| OutputEn: 0| OpenDrain: 0| Pullup: 0| Pulldown: 0| Intr:0 [0m
[0;32mI (438) RECOVERY: DUPA2[0m
[0;32mI (438) gpio: GPIO[5]| InputEn: 0| OutputEn: 1| OpenDrain: 0| Pullup: 0| Pulldown: 0| Intr:0 [0m
[0;32mI (448) gpio: GPIO[22]| InputEn: 0| OutputEn: 1| OpenDrain: 0| Pullup: 0| Pulldown: 0| Intr:0 [0m
[0;32mI (458) gpio: GPIO[23]| InputEn: 0| OutputEn: 1| OpenDrain: 0| Pullup: 0| Pulldown: 0| Intr:0 [0m
[0;32mI (468) RECOVERY: DUPA3[0m
[0;32mI (468) RECOVERY: Recovery system initialization done :D[0m
[0;32mI (478) I2C: I2C INIT[0m
[0;32mI (478) I2C: DUPA[0m
[0;31mE (478) i2c: i2c_set_pin(927): sda gpio number error[0m
[0;32mI (488) I2C: DUPA2[0m
[0;32mI (488) I2C: DUPA3 [0m
[0;31mE (498) gpio: esp_intr_alloc failed (0x102)[0m
ESP_ERROR_CHECK failed: esp_err_t 0x105 (ESP_ERR_NOT_FOUND) at 0x400d5a1e
file: "./main/main.c" line 99
func: app_main
expression: gpio_install_isr_service(ESP_INTR_FLAG_NMI)

abort() was called at PC 0x40086b9b on core 0


Backtrace: 0x40081832:0x3ffb4c40 0x40086ba5:0x3ffb4c60 0x4008c20a:0x3ffb4c80 0x40086b9b:0x3ffb4cf0 0x400d5a1e:0x3ffb4d20 0x400e6188:0x3ffb4d40 0x40089195:0x3ffb4d70




ELF file SHA256: 4a5c1a671f1b5695

Rebooting...
ets Jun  8 2016 00:22:57

rst:0xc (SW_CPU_RESET),boot:0x13 (SPI_FAST_FLASH_BOOT)
configsip: 188777542, SPIWP:0xee
clk_drv:0x00,q_drv:0x00,d_drv:0x00,cs0_drv:0x00,hd_drv:0x00,wp_drv:0x00
mode:DIO, clock div:2
load:0x3fff0030,len:7096
load:0x40078000,len:15584
load:0x40080400,len:4
ho 8 tail 4 room 4
load:0x40080404,len:3876
entry 0x4008064c
[0;32mI (31) boot: ESP-IDF v5.1.2-365-ge60b0235ad 2nd stage bootloader[0m
[0;32mI (31) boot: compile time Apr  1 2024 23:03:50[0m
[0;32mI (33) boot: Multicore bootloader[0m
[0;32mI (37) boot: chip revision: v1.0[0m
[0;32mI (41) boot.esp32: SPI Speed      : 40MHz[0m
[0;32mI (46) boot.esp32: SPI Mode       : DIO[0m
[0;32mI (50) boot.esp32: SPI Flash Size : 2MB[0m
[0;32mI (55) boot: Enabling RNG early entropy source...[0m
[0;32mI (60) boot: Partition Table:[0m
[0;32mI (64) boot: ## Label            Usage          Type ST Offset   Length[0m
[0;32mI (71) boot:  0 nvs              WiFi data        01 02 00009000 00006000[0m
[0;32mI (78) boot:  1 phy_init         RF data          01 01 0000f000 00001000[0m
[0;32mI (86) boot:  2 factory          factory app      00 00 00010000 00100000[0m
[0;32mI (93) boot: End of partition table[0m
[0;32mI (98) esp_image: segment 0: paddr=00010020 vaddr=3f400020 size=0b498h ( 46232) map[0m
[0;32mI (123) esp_image: segment 1: paddr=0001b4c0 vaddr=3ffb0000 size=02178h (  8568) load[0m
[0;32mI (126) esp_image: segment 2: paddr=0001d640 vaddr=40080000 size=029d8h ( 10712) load[0m
[0;32mI (133) esp_image: segment 3: paddr=00020020 vaddr=400d0020 size=16918h ( 92440) map[0m
[0;32mI (170) esp_image: segment 4: paddr=00036940 vaddr=400829d8 size=0acech ( 44268) load[0m
[0;32mI (196) boot: Loaded app from partition at offset 0x10000[0m
[0;32mI (196) boot: Disabling RNG early entropy source...[0m
[0;32mI (207) cpu_start: Multicore app[0m
[0;32mI (208) cpu_start: Pro cpu up.[0m
[0;32mI (208) cpu_start: Starting app cpu, entry point is 0x40081200[0m
[0;32mI (195) cpu_start: App cpu up.[0m
[0;32mI (226) cpu_start: Pro cpu start user code[0m
[0;32mI (226) cpu_start: cpu freq: 160000000 Hz[0m
[0;32mI (226) cpu_start: Application information:[0m
[0;32mI (231) cpu_start: Project name:     main[0m
[0;32mI (235) cpu_start: App version:      2de3fa6-dirty[0m
[0;32mI (241) cpu_start: Compile time:     Apr  1 2024 23:03:46[0m
[0;32mI (247) cpu_start: ELF file SHA256:  4a5c1a671f1b5695...[0m
[0;32mI (253) cpu_start: ESP-IDF:          v5.1.2-365-ge60b0235ad[0m
[0;32mI (259) cpu_start: Min chip rev:     v0.0[0m
[0;32mI (264) cpu_start: Max chip rev:     v3.99 [0m
[0;32mI (269) cpu_start: Chip rev:         v1.0[0m
[0;32mI (274) heap_init: Initializing. RAM available for dynamic allocation:[0m
[0;32mI (281) heap_init: At 3FFAE6E0 len 00001920 (6 KiB): DRAM[0m
[0;32mI (287) heap_init: At 3FFB2A48 len 0002D5B8 (181 KiB): DRAM[0m
[0;32mI (293) heap_init: At 3FFE0440 len 00003AE0 (14 KiB): D/IRAM[0m
[0;32mI (299) heap_init: At 3FFE4350 len 0001BCB0 (111 KiB): D/IRAM[0m
[0;32mI (306) heap_init: At 4008D6C4 len 0001293C (74 KiB): IRAM[0m
[0;32mI (313) spi_flash: detected chip: gd[0m
[0;32mI (316) spi_flash: flash io: dio[0m
[0;33mW (320) spi_flash: Detected size(4096k) larger than the size in the binary image header(2048k). Using the size in the binary image header.[0m
[0;32mI (334) app_start: Starting scheduler on CPU0[0m
[0;32mI (338) app_start: Starting scheduler on CPU1[0m
[0;32mI (338) main_task: Started on CPU0[0m
[0;32mI (348) main_task: Calling app_main()[0m
[0;32mI (348) COTS: Cots initialization[0m
[0;32mI (348) COTS: **** TELEMETRUM ****[0m
[0;32mI (358) gpio: GPIO[19]| InputEn: 0| OutputEn: 1| OpenDrain: 0| Pullup: 0| Pulldown: 0| Intr:0 [0m
[0;32mI (368) COTS: Telemetrum initialization done :D[0m
[0;32mI (368) COTS: Cots initialization[0m
[0;32mI (378) COTS: ***** EASYMINI *****[0m
[0;32mI (378) gpio: GPIO[18]| InputEn: 0| OutputEn: 1| OpenDrain: 0| Pullup: 0| Pulldown: 0| Intr:0 [0m
[0;32mI (388) gpio: GPIO[10]| InputEn: 1| OutputEn: 0| OpenDrain: 0| Pullup: 0| Pulldown: 0| Intr:0 [0m
[0;32mI (398) gpio: GPIO[9]| InputEn: 1| OutputEn: 0| OpenDrain: 0| Pullup: 0| Pulldown: 0| Intr:4 [0m
[0;32mI (408) COTS: EasyMini initialization done :D[0m
[0;32mI (408) RECOVERY: Recovery System Initialization[0m
[0;32mI (418) RECOVERY: DUPA[0m
[0;32mI (418) gpio: GPIO[4]| InputEn: 1| OutputEn: 0| OpenDrain: 0| Pullup: 0| Pulldown: 0| Intr:0 [0m
[0;32mI (428) gpio: GPIO[10]| InputEn: 1| OutputEn: 0| OpenDrain: 0| Pullup: 0| Pulldown: 0| Intr:0 [0m
[0;32mI (438) RECOVERY: DUPA2[0m
[0;32mI (438) gpio: GPIO[5]| InputEn: 0| OutputEn: 1| OpenDrain: 0| Pullup: 0| Pulldown: 0| Intr:0 [0m
[0;32mI (448) gpio: GPIO[22]| InputEn: 0| OutputEn: 1| OpenDrain: 0| Pullup: 0| Pulldown: 0| Intr:0 [0m
[0;32mI (458) gpio: GPIO[23]| InputEn: 0| OutputEn: 1| OpenDrain: 0| Pullup: 0| Pulldown: 0| Intr:0 [0m
[0;32mI (468) RECOVERY: DUPA3[0m
[0;32mI (468) RECOVERY: Recovery system initialization done :D[0m
[0;32mI (478) I2C: I2C INIT[0m
[0;32mI (478) I2C: DUPA[0m
[0;31mE (478) i2c: i2c_set_pin(927): sda gpio number error[0m
[0;32mI (488) I2C: DUPA2[0m
[0;32mI (488) I2C: DUPA3 [0m
[0;31mE (498) gpio: esp_intr_alloc failed (0x102)[0m
ESP_ERROR_CHECK failed: esp_err_t 0x105 (ESP_ERR_NOT_FOUND) at 0x400d5a1e
file: "./main/main.c" line 99
func: app_main
expression: gpio_install_isr_service(ESP_INTR_FLAG_NMI)

abort() was called at PC 0x40086b9b on core 0


Backtrace: 0x40081832:0x3ffb4c40 0x40086ba5:0x3ffb4c60 0x4008c20a:0x3ffb4c80 0x40086b9b:0x3ffb4cf0 0x400d5a1e:0x3ffb4d20 0x400e6188:0x3ffb4d40 0x40089195:0x3ffb4d70




ELF file SHA256: 4a5c1a671f1b5695

Rebooting...
ets Jun  8 2016 00:22:57

rst:0xc (SW_CPU_RESET),boot:0x13 (SPI_FAST_FLASH_BOOT)
configsip: 188777542, SPIWP:0xee
clk_drv:0x00,q_drv:0x00,d_drv:0x00,cs0_drv:0x00,hd_drv:0x00,wp_drv:0x00
mode:DIO, clock div:2
load:0x3fff0030,len:7096
load:0x40078000,len:15584
load:0x40080400,len:4
ho 8 tail 4 room 4
load:0x40080404,len:3876
entry 0x4008064c
[0;32mI (31) boot: ESP-IDF v5.1.2-365-ge60b0235ad 2nd stage bootloader[0m
[0;32mI (31) boot: compile time Apr  1 2024 23:03:50[0m
[0;32mI (33) boot: Multicore bootloader[0m
[0;32mI (37) boot: chip revision: v1.0[0m
[0;32mI (41) boot.esp32: SPI Speed      : 40MHz[0m
[0;32mI (46) boot.esp32: SPI Mode       : DIO[0m
[0;32mI (50) boot.esp32: SPI Flash Size : 2MB[0m
[0;32mI (55) boot: Enabling RNG early entropy source...[0m
[0;32mI (60) boot: Partition Table:[0m
[0;32mI (64) boot: ## Label            Usage          Type ST Offset   Length[0m
[0;32mI (71) boot:  0 nvs              WiFi data        01 02 00009000 00006000[0m
[0;32mI (78) boot:  1 phy_init         RF data          01 01 0000f000 00001000[0m
[0;32mI (86) boot:  2 factory          factory app      00 00 00010000 00100000[0m
[0;32mI (93) boot: End of partition table[0m
[0;32mI (98) esp_image: segment 0: paddr=00010020 vaddr=3f400020 size=0b498h ( 46232) map[0m
[0;32mI (123) esp_image: segment 1: paddr=0001b4c0 vaddr=3ffb0000 size=02178h (  8568) load[0m
[0;32mI (126) esp_image: segment 2: paddr=0001d640 vaddr=40080000 size=029d8h ( 10712) load[0m
[0;32mI (133) esp_image: segment 3: paddr=00020020 vaddr=400d0020 size=16918h ( 92440) map[0m
[0;32mI (170) esp_image: segment 4: paddr=00036940 vaddr=400829d8 size=0acech ( 44268) load[0m
[0;32mI (196) boot: Loaded app from partition at offset 0x10000[0m
[0;32mI (196) boot: Disabling RNG early entropy source...[0m
[0;32mI (207) cpu_start: Multicore app[0m
[0;32mI (208) cpu_start: Pro cpu up.[0m
[0;32mI (208) cpu_start: Starting app cpu, entry point is 0x40081200[0m
[0;32mI (195) cpu_start: App cpu up.[0m
[0;32mI (226) cpu_start: Pro cpu start user code[0m
[0;32mI (226) cpu_start: cpu freq: 160000000 Hz[0m
[0;32mI (226) cpu_start: Application information:[0m
[0;32mI (231) cpu_start: Project name:     main[0m
[0;32mI (235) cpu_start: App version:      2de3fa6-dirty[0m
[0;32mI (241) cpu_start: Compile time:     Apr  1 2024 23:03:46[0m
[0;32mI (247) cpu_start: ELF file SHA256:  4a5c1a671f1b5695...[0m
[0;32mI (253) cpu_start: ESP-IDF:          v5.1.2-365-ge60b0235ad[0m
[0;32mI (259) cpu_start: Min chip rev:     v0.0[0m
[0;32mI (264) cpu_start: Max chip rev:     v3.99 [0m
[0;32mI (269) cpu_start: Chip rev:         v1.0[0m
[0;32mI (274) heap_init: Initializing. RAM available for dynamic allocation:[0m
[0;32mI (281) heap_init: At 3FFAE6E0 len 00001920 (6 KiB): DRAM[0m
[0;32mI (287) heap_init: At 3FFB2A48 len 0002D5B8 (181 KiB): DRAM[0m
[0;32mI (293) heap_init: At 3FFE0440 len 00003AE0 (14 KiB): D/IRAM[0m
[0;32mI (299) heap_init: At 3FFE4350 len 0001BCB0 (111 KiB): D/IRAM[0m
[0;32mI (306) heap_init: At 4008D6C4 len 0001293C (74 KiB): IRAM[0m
[0;32mI (313) spi_flash: detected chip: gd[0m
[0;32mI (316) spi_flash: flash io: dio[0m
[0;33mW (320) spi_flash: Detected size(4096k) larger than the size in the binary image header(2048k). Using the size in the binary image header.[0m
[0;32mI (334) app_start: Starting scheduler on CPU0[0m
[0;32mI (338) app_start: Starting scheduler on CPU1[0m
[0;32mI (338) main_task: Started on CPU0[0m
[0;32mI (348) main_task: Calling app_main()[0m
[0;32mI (348) COTS: Cots initialization[0m
[0;32mI (348) COTS: **** TELEMETRUM ****[0m
[0;32mI (358) gpio: GPIO[19]| InputEn: 0| OutputEn: 1| OpenDrain: 0| Pullup: 0| Pulldown: 0| Intr:0 [0m
[0;32mI (368) COTS: Telemetrum initialization done :D[0m
[0;32mI (368) COTS: Cots initialization[0m
[0;32mI (378) COTS: ***** EASYMINI *****[0m
[0;32mI (378) gpio: GPIO[18]| InputEn: 0| OutputEn: 1| OpenDrain: 0| Pullup: 0| Pulldown: 0| Intr:0 [0m
[0;32mI (388) gpio: GPIO[10]| InputEn: 1| OutputEn: 0| OpenDrain: 0| Pullup: 0| Pulldown: 0| Intr:0 [0m
[0;32mI (398) gpio: GPIO[9]| InputEn: 1| OutputEn: 0| OpenDrain: 0| Pullup: 0| Pulldown: 0| Intr:4 [0m
[0;32mI (408) COTS: EasyMini initialization done :D[0m
[0;32mI (408) RECOVERY: Recovery System Initialization[0m
[0;32mI (418) RECOVERY: DUPA[0m
[0;32mI (418) gpio: GPIO[4]| InputEn: 1| OutputEn: 0| OpenDrain: 0| Pullup: 0| Pulldown: 0| Intr:0 [0m
[0;32mI (428) gpio: GPIO[10]| InputEn: 1| OutputEn: 0| OpenDrain: 0| Pullup: 0| Pulldown: 0| Intr:0 [0m
[0;32mI (438) RECOVERY: DUPA2[0m
[0;32mI (438) gpio: GPIO[5]| InputEn: 0| OutputEn: 1| OpenDrain: 0| Pullup: 0| Pulldown: 0| Intr:0 [0m
[0;32mI (448) gpio: GPIO[22]| InputEn: 0| OutputEn: 1| OpenDrain: 0| Pullup: 0| Pulldown: 0| Intr:0 [0m
[0;32mI (458) gpio: GPIO[23]| InputEn: 0| OutputEn: 1| OpenDrain: 0| Pullup: 0| Pulldown: 0| Intr:0 [0m
[0;32mI (468) RECOVERY: DUPA3[0m
[0;32mI (468) RECOVERY: Recovery system initialization done :D[0m
[0;32mI (478) I2C: I2C INIT[0m
[0;32mI (478) I2C: DUPA[0m
[0;31mE (478) i2c: i2c_set_pin(927): sda gpio number error[0m
[0;32mI (488) I2C: DUPA2[0m
[0;32mI (488) I2C: DUPA3 [0m
[0;31mE (498) gpio: esp_intr_alloc failed (0x102)[0m
ESP_ERROR_CHECK failed: esp_err_t 0x105 (ESP_ERR_NOT_FOUND) at 0x400d5a1e
file: "./main/main.c" line 99
func: app_main
expression: gpio_install_isr_service(ESP_INTR_FLAG_NMI)

abort() was called at PC 0x40086b9b on core 0


Backtrace: 0x40081832:0x3ffb4c40 0x40086ba5:0x3ffb4c60 0x4008c20a:0x3ffb4c80 0x40086b9b:0x3ffb4cf0 0x400d5a1e:0x3ffb4d20 0x400e6188:0x3ffb4d40 0x40089195:0x3ffb4d70




ELF file SHA256: 4a5c1a671f1b5695

Rebooting...
ets Jun  8 2016 00:22:57

rst:0xc (SW_CPU_RESET),boot:0x13 (SPI_FAST_FLASH_BOOT)
configsip: 188777542, SPIWP:0xee
clk_drv:0x00,q_drv:0x00,d_drv:0x00,cs0_drv:0x00,hd_drv:0x00,wp_drv:0x00
mode:DIO, clock div:2
load:0x3fff0030,len:7096
load:0x40078000,len:15584
load:0x40080400,len:4
ho 8 tail 4 room 4
load:0x40080404,len:3876
entry 0x4008064c
[0;32mI (31) boot: ESP-IDF v5.1.2-365-ge60b0235ad 2nd stage bootloader[0m
[0;32mI (31) boot: compile time Apr  1 2024 23:03:50[0m
[0;32mI (33) boot: Multicore bootloader[0m
[0;32mI (37) boot: chip revision: v1.0[0m
[0;32mI (41) boot.esp32: SPI Speed      : 40MHz[0m
[0;32mI (46) boot.esp32: SPI Mode       : DIO[0m
[0;32mI (50) boot.esp32: SPI Flash Size : 2MB[0m
[0;32mI (55) boot: Enabling RNG early entropy source...[0m
[0;32mI (60) boot: Partition Table:[0m
[0;32mI (64) boot: ## Label            Usage          Type ST Offset   Length[0m
[0;32mI (71) boot:  0 nvs              WiFi data        01 02 00009000 00006000[0m
[0;32mI (78) boot:  1 phy_init         RF data          01 01 0000f000 00001000[0m
[0;32mI (86) boot:  2 factory          factory app      00 00 00010000 00100000[0m
[0;32mI (93) boot: End of partition table[0m
[0;32mI (98) esp_image: segment 0: paddr=00010020 vaddr=3f400020 size=0b498h ( 46232) map[0m
[0;32mI (123) esp_image: segment 1: paddr=0001b4c0 vaddr=3ffb0000 size=02178h (  8568) load[0m
[0;32mI (126) esp_image: segment 2: paddr=0001d640 vaddr=40080000 size=029d8h ( 10712) load[0m
[0;32mI (133) esp_image: segment 3: paddr=00020020 vaddr=400d0020 size=16918h ( 92440) map[0m
[0;32mI (170) esp_image: segment 4: paddr=00036940 vaddr=400829d8 size=0acech ( 44268) load[0m
[0;32mI (196) boot: Loaded app from partition at offset 0x10000[0m
[0;32mI (196) boot: Disabling RNG early entropy source...[0m
[0;32mI (207) cpu_start: Multicore app[0m
[0;32mI (208) cpu_start: Pro cpu up.[0m
[0;32mI (208) cpu_start: Starting app cpu, entry point is 0x40081200[0m
[0;32mI (195) cpu_start: App cpu up.[0m
[0;32mI (226) cpu_start: Pro cpu start user code[0m
[0;32mI (226) cpu_start: cpu freq: 160000000 Hz[0m
[0;32mI (226) cpu_start: Application information:[0m
[0;32mI (231) cpu_start: Project name:     main[0m
[0;32mI (235) cpu_start: App version:      2de3fa6-dirty[0m
[0;32mI (241) cpu_start: Compile time:     Apr  1 2024 23:03:46[0m
[0;32mI (247) cpu_start: ELF file SHA256:  4a5c1a671f1b5695...[0m
[0;32mI (253) cpu_start: ESP-IDF:          v5.1.2-365-ge60b0235ad[0m
[0;32mI (259) cpu_start: Min chip rev:     v0.0[0m
[0;32mI (264) cpu_start: Max chip rev:     v3.99 [0m
[0;32mI (269) cpu_start: Chip rev:         v1.0[0m
[0;32mI (274) heap_init: Initializing. RAM available for dynamic allocation:[0m
[0;32mI (281) heap_init: At 3FFAE6E0 len 00001920 (6 KiB): DRAM[0m
[0;32mI (287) heap_init: At 3FFB2A48 len 0002D5B8 (181 KiB): DRAM[0m
[0;32mI (293) heap_init: At 3FFE0440 len 00003AE0 (14 KiB): D/IRAM[0m
[0;32mI (299) heap_init: At 3FFE4350 len 0001BCB0 (111 KiB): D/IRAM[0m
[0;32mI (306) heap_init: At 4008D6C4 len 0001293C (74 KiB): IRAM[0m
[0;32mI (313) spi_flash: detected chip: gd[0m
[0;32mI (316) spi_flash: flash io: dio[0m
[0;33mW (320) spi_flash: Detected size(4096k) larger than the size in the binary image header(2048k). Using the size in the binary image header.[0m
[0;32mI (334) app_start: Starting scheduler on CPU0[0m
[0;32mI (338) app_start: Starting scheduler on CPU1[0m
[0;32mI (338) main_task: Started on CPU0[0m
[0;32mI (348) main_task: Calling app_main()[0m
[0;32mI (348) COTS: Cots initialization[0m
[0;32mI (348) COTS: **** TELEMETRUM ****[0m
[0;32mI (358) gpio: GPIO[19]| InputEn: 0| OutputEn: 1| OpenDrain: 0| Pullup: 0| Pulldown: 0| Intr:0 [0m
[0;32mI (368) COTS: Telemetrum initialization done :D[0m
[0;32mI (368) COTS: Cots initialization[0m
[0;32mI (378) COTS: ***** EASYMINI *****[0m
[0;32mI (378) gpio: GPIO[18]| InputEn: 0| OutputEn: 1| OpenDrain: 0| Pullup: 0| Pulldown: 0| Intr:0 [0m
[0;32mI (388) gpio: GPIO[10]| InputEn: 1| OutputEn: 0| OpenDrain: 0| Pullup: 0| Pulldown: 0| Intr:0 [0m
[0;32mI (398) gpio: GPIO[9]| InputEn: 1| OutputEn: 0| OpenDrain: 0| Pullup: 0| Pulldown: 0| Intr:4 [0m
[0;32mI (408) COTS: EasyMini initialization done :D[0m
[0;32mI (408) RECOVERY: Recovery System Initialization[0m
[0;32mI (418) RECOVERY: DUPA[0m
[0;32mI (418) gpio: GPIO[4]| InputEn: 1| OutputEn: 0| OpenDrain: 0| Pullup: 0| Pulldown: 0| Intr:0 [0m
[0;32mI (428) gpio: GPIO[10]| InputEn: 1| OutputEn: 0| OpenDrain: 0| Pullup: 0| Pulldown: 0| Intr:0 [0m
[0;32mI (438) RECOVERY: DUPA2[0m
[0;32mI (438) gpio: GPIO[5]| InputEn: 0| OutputEn: 1| OpenDrain: 0| Pullup: 0| Pulldown: 0| Intr:0 [0m
[0;32mI (448) gpio: GPIO[22]| InputEn: 0| OutputEn: 1| OpenDrain: 0| Pullup: 0| Pulldown: 0| Intr:0 [0m
[0;32mI (458) gpio: GPIO[23]| InputEn: 0| OutputEn: 1| OpenDrain: 0| Pullup: 0| Pulldown: 0| Intr:0 [0m
[0;32mI (468) RECOVERY: DUPA3[0m
[0;32mI (468) RECOVERY: Recovery system initialization done :D[0m
[0;32mI (478) I2C: I2C INIT[0m
[0;32mI (478) I2C: DUPA[0m
[0;31mE (478) i2c: i2c_set_pin(927): sda gpio number error[0m
[0;32mI (488) I2C: DUPA2[0m
[0;32mI (488) I2C: DUPA3 [0m
[0;31mE (498) gpio: esp_intr_alloc failed (0x102)[0m
ESP_ERROR_CHECK failed: esp_err_t 0x105 (ESP_ERR_NOT_FOUND) at 0x400d5a1e
file: "./main/main.c" line 99
func: app_main
expression: gpio_install_isr_service(ESP_INTR_FLAG_NMI)

abort() was called at PC 0x40086b9b on core 0


Backtrace: 0x40081832:0x3ffb4c40 0x40086ba5:0x3ffb4c60 0x4008c20a:0x3ffb4c80 0x40086b9b:0x3ffb4cf0 0x400d5a1e:0x3ffb4d20 0x400e6188:0x3ffb4d40 0x40089195:0x3ffb4d70




ELF file SHA256: 4a5c1a671f1b5695

Rebooting...
ets Jun  8 2016 00:22:57

rst:0xc (SW_CPU_RESET),boot:0x13 (SPI_FAST_FLASH_BOOT)
configsip: 188777542, SPIWP:0xee
clk_drv:0x00,q_drv:0x00,d_drv:0x00,cs0_drv:0x00,hd_drv:0x00,wp_drv:0x00
mode:DIO, clock div:2
load:0x3fff0030,len:7096
load:0x40078000,len:15584
load:0x40080400,len:4
ho 8 tail 4 room 4
load:0x40080404,len:3876
entry 0x4008064c
[0;32mI (31) boot: ESP-IDF v5.1.2-365-ge60b0235ad 2nd stage bootloader[0m
[0;32mI (31) boot: compile time Apr  1 2024 23:03:50[0m
[0;32mI (33) boot: Multicore bootloader[0m
[0;32mI (37) boot: chip revision: v1.0[0m
[0;32mI (41) boot.esp32: SPI Speed      : 40MHz[0m
[0;32mI (46) boot.esp32: SPI Mode       : DIO[0m
[0;32mI (50) boot.esp32: SPI Flash Size : 2MB[0m
[0;32mI (55) boot: Enabling RNG early entropy source...[0m
[0;32mI (60) boot: Partition Table:[0m
[0;32mI (64) boot: ## Label            Usage          Type ST Offset   Length[0m
[0;32mI (71) boot:  0 nvs              WiFi data        01 02 00009000 00006000[0m
[0;32mI (78) boot:  1 phy_init         RF data          01 01 0000f000 00001000[0m
[0;32mI (86) boot:  2 factory          factory app      00 00 00010000 00100000[0m
[0;32mI (93) boot: End of partition table[0m
[0;32mI (98) esp_image: segment 0: paddr=00010020 vaddr=3f400020 size=0b498h ( 46232) map[0m
[0;32mI (123) esp_image: segment 1: paddr=0001b4c0 vaddr=3ffb0000 size=02178h (  8568) load[0m
[0;32mI (126) esp_image: segment 2: paddr=0001d640 vaddr=40080000 size=029d8h ( 10712) load[0m
[0;32mI (133) esp_image: segment 3: paddr=00020020 vaddr=400d0020 size=16918h ( 92440) map[0m
[0;32mI (170) esp_image: segment 4: paddr=00036940 vaddr=400829d8 size=0acech ( 44268) load[0m
[0;32mI (196) boot: Loaded app from partition at offset 0x10000[0m
[0;32mI (196) boot: Disabling RNG early entropy source...[0m
[0;32mI (207) cpu_start: Multicore app[0m
[0;32mI (208) cpu_start: Pro cpu up.[0m
[0;32mI (208) cpu_start: Starting app cpu, entry point is 0x40081200[0m
[0;32mI (195) cpu_start: App cpu up.[0m
[0;32mI (226) cpu_start: Pro cpu start user code[0m
[0;32mI (226) cpu_start: cpu freq: 160000000 Hz[0m
[0;32mI (226) cpu_start: Application information:[0m
[0;32mI (231) cpu_start: Project name:     main[0m
[0;32mI (235) cpu_start: App version:      2de3fa6-dirty[0m
[0;32mI (241) cpu_start: Compile time:     Apr  1 2024 23:03:46[0m
[0;32mI (247) cpu_start: ELF file SHA256:  4a5c1a671f1b5695...[0m
[0;32mI (253) cpu_start: ESP-IDF:          v5.1.2-365-ge60b0235ad[0m
[0;32mI (259) cpu_start: Min chip rev:     v0.0[0m
[0;32mI (264) cpu_start: Max chip rev:     v3.99 [0m
[0;32mI (269) cpu_start: Chip rev:         v1.0[0m
[0;32mI (274) heap_init: Initializing. RAM available for dynamic allocation:[0m
[0;32mI (281) heap_init: At 3FFAE6E0 len 00001920 (6 KiB): DRAM[0m
[0;32mI (287) heap_init: At 3FFB2A48 len 0002D5B8 (181 KiB): DRAM[0m
[0;32mI (293) heap_init: At 3FFE0440 len 00003AE0 (14 KiB): D/IRAM[0m
[0;32mI (299) heap_init: At 3FFE4350 len 0001BCB0 (111 KiB): D/IRAM[0m
[0;32mI (306) heap_init: At 4008D6C4 len 0001293C (74 KiB): IRAM[0m
[0;32mI (313) spi_flash: detected chip: gd[0m
[0;32mI (316) spi_flash: flash io: dio[0m
[0;33mW (320) spi_flash: Detected size(4096k) larger than the size in the binary image header(2048k). Using the size in the binary image header.[0m
[0;32mI (334) app_start: Starting scheduler on CPU0[0m
[0;32mI (338) app_start: Starting scheduler on CPU1[0m
[0;32mI (338) main_task: Started on CPU0[0m
[0;32mI (348) main_task: Calling app_main()[0m
[0;32mI (348) COTS: Cots initialization[0m
[0;32mI (348) COTS: **** TELEMETRUM ****[0m
[0;32mI (358) gpio: GPIO[19]| InputEn: 0| OutputEn: 1| OpenDrain: 0| Pullup: 0| Pulldown: 0| Intr:0 [0m
[0;32mI (368) COTS: Telemetrum initialization done :D[0m
[0;32mI (368) COTS: Cots initialization[0m
[0;32mI (378) COTS: ***** EASYMINI *****[0m
[0;32mI (378) gpio: GPIO[18]| InputEn: 0| OutputEn: 1| OpenDrain: 0| Pullup: 0| Pulldown: 0| Intr:0 [0m
[0;32mI (388) gpio: GPIO[10]| InputEn: 1| OutputEn: 0| OpenDrain: 0| Pullup: 0| Pulldown: 0| Intr:0 [0m
[0;32mI (398) gpio: GPIO[9]| InputEn: 1| OutputEn: 0| OpenDrain: 0| Pullup: 0| Pulldown: 0| Intr:4 [0m
[0;32mI (408) COTS: EasyMini initialization done :D[0m
[0;32mI (408) RECOVERY: Recovery System Initialization[0m
[0;32mI (418) RECOVERY: DUPA[0m
[0;32mI (418) gpio: GPIO[4]| InputEn: 1| OutputEn: 0| OpenDrain: 0| Pullup: 0| Pulldown: 0| Intr:0 [0m
[0;32mI (428) gpio: GPIO[10]| InputEn: 1| OutputEn: 0| OpenDrain: 0| Pullup: 0| Pulldown: 0| Intr:0 [0m
[0;32mI (438) RECOVERY: DUPA2[0m
[0;32mI (438) gpio: GPIO[5]| InputEn: 0| OutputEn: 1| OpenDrain: 0| Pullup: 0| Pulldown: 0| Intr:0 [0m
[0;32mI (448) gpio: GPIO[22]| InputEn: 0| OutputEn: 1| OpenDrain: 0| Pullup: 0| Pulldown: 0| Intr:0 [0m
[0;32mI (458) gpio: GPIO[23]| InputEn: 0| OutputEn: 1| OpenDrain: 0| Pullup: 0| Pulldown: 0| Intr:0 [0m
[0;32mI (468) RECOVERY: DUPA3[0m
[0;32mI (468) RECOVERY: Recovery system initialization done :D[0m
[0;32mI (478) I2C: I2C INIT[0m
[0;32mI (478) I2C: DUPA[0m
[0;31mE (478) i2c: i2c_set_pin(927): sda gpio number error[0m
[0;32mI (488) I2C: DUPA2[0m
[0;32mI (488) I2C: DUPA3 [0m
[0;31mE (498) gpio: esp_intr_alloc failed (0x102)[0m
ESP_ERROR_CHECK failed: esp_err_t 0x105 (ESP_ERR_NOT_FOUND) at 0x400d5a1e
file: "./main/main.c" line 99
func: app_main
expression: gpio_install_isr_service(ESP_INTR_FLAG_NMI)

abort() was called at PC 0x40086b9b on core 0


Backtrace: 0x40081832:0x3ffb4c40 0x40086ba5:0x3ffb4c60 0x4008c20a:0x3ffb4c80 0x40086b9b:0x3ffb4cf0 0x400d5a1e:0x3ffb4d20 0x400e6188:0x3ffb4d40 0x40089195:0x3ffb4d70




ELF file SHA256: 4a5c1a671f1b5695

Rebooting...
ets Jun  8 2016 00:22:57

rst:0xc (SW_CPU_RESET),boot:0x13 (SPI_FAST_FLASH_BOOT)
configsip: 188777542, SPIWP:0xee
clk_drv:0x00,q_drv:0x00,d_drv:0x00,cs0_drv:0x00,hd_drv:0x00,wp_drv:0x00
mode:DIO, clock div:2
load:0x3fff0030,len:7096
load:0x40078000,len:15584
load:0x40080400,len:4
ho 8 tail 4 room 4
load:0x40080404,len:3876
entry 0x4008064c
[0;32mI (31) boot: ESP-IDF v5.1.2-365-ge60b0235ad 2nd stage bootloader[0m
[0;32mI (31) boot: compile time Apr  1 2024 23:03:50[0m
[0;32mI (33) boot: Multicore bootloader[0m
[0;32mI (37) boot: chip revision: v1.0[0m
[0;32mI (41) boot.esp32: SPI Speed      : 40MHz[0m
[0;32mI (46) boot.esp32: SPI Mode       : DIO[0m
[0;32mI (50) boot.esp32: SPI Flash Size : 2MB[0m
[0;32mI (55) boot: Enabling RNG early entropy source...[0m
[0;32mI (60) boot: Partition Table:[0m
[0;32mI (64) boot: ## Label            Usage          Type ST Offset   Length[0m
[0;32mI (71) boot:  0 nvs              WiFi data        01 02 00009000 00006000[0m
[0;32mI (78) boot:  1 phy_init         RF data          01 01 0000f000 00001000[0m
[0;32mI (86) boot:  2 factory          factory app      00 00 00010000 00100000[0m
[0;32mI (93) boot: End of partition table[0m
[0;32mI (98) esp_image: segment 0: paddr=00010020 vaddr=3f400020 size=0b498h ( 46232) map[0m
[0;32mI (123) esp_image: segment 1: paddr=0001b4c0 vaddr=3ffb0000 size=02178h (  8568) load[0m
[0;32mI (126) esp_image: segment 2: paddr=0001d640 vaddr=40080000 size=029d8h ( 10712) load[0m
[0;32mI (133) esp_image: segment 3: paddr=00020020 vaddr=400d0020 size=16918h ( 92440) map[0m
[0;32mI (170) esp_image: segment 4: paddr=00036940 vaddr=400829d8 size=0acech ( 44268) load[0m
[0;32mI (196) boot: Loaded app from partition at offset 0x10000[0m
[0;32mI (196) boot: Disabling RNG early entropy source...[0m
[0;32mI (207) cpu_start: Multicore app[0m
[0;32mI (208) cpu_start: Pro cpu up.[0m
[0;32mI (208) cpu_start: Starting app cpu, entry point is 0x40081200[0m
[0;32mI (195) cpu_start: App cpu up.[0m
[0;32mI (226) cpu_start: Pro cpu start user code[0m
[0;32mI (226) cpu_start: cpu freq: 160000000 Hz[0m
[0;32mI (226) cpu_start: Application information:[0m
[0;32mI (231) cpu_start: Project name:     main[0m
[0;32mI (235) cpu_start: App version:      2de3fa6-dirty[0m
[0;32mI (241) cpu_start: Compile time:     Apr  1 2024 23:03:46[0m
[0;32mI (247) cpu_start: ELF file SHA256:  4a5c1a671f1b5695...[0m
[0;32mI (253) cpu_start: ESP-IDF:          v5.1.2-365-ge60b0235ad[0m
[0;32mI (259) cpu_start: Min chip rev:     v0.0[0m
[0;32mI (264) cpu_start: Max chip rev:     v3.99 [0m
[0;32mI (269) cpu_start: Chip rev:         v1.0[0m
[0;32mI (274) heap_init: Initializing. RAM available for dynamic allocation:[0m
[0;32mI (281) heap_init: At 3FFAE6E0 len 00001920 (6 KiB): DRAM[0m
[0;32mI (287) heap_init: At 3FFB2A48 len 0002D5B8 (181 KiB): DRAM[0m
[0;32mI (293) heap_init: At 3FFE0440 len 00003AE0 (14 KiB): D/IRAM[0m
[0;32mI (299) heap_init: At 3FFE4350 len 0001BCB0 (111 KiB): D/IRAM[0m
[0;32mI (306) heap_init: At 4008D6C4 len 0001293C (74 KiB): IRAM[0m
[0;32mI (313) spi_flash: detected chip: gd[0m
[0;32mI (316) spi_flash: flash io: dio[0m
[0;33mW (320) spi_flash: Detected size(4096k) larger than the size in the binary image header(2048k). Using the size in the binary image header.[0m
[0;32mI (334) app_start: Starting scheduler on CPU0[0m
[0;32mI (338) app_start: Starting scheduler on CPU1[0m
[0;32mI (338) main_task: Started on CPU0[0m
[0;32mI (348) main_task: Calling app_main()[0m
[0;32mI (348) COTS: Cots initialization[0m
[0;32mI (348) COTS: **** TELEMETRUM ****[0m
[0;32mI (358) gpio: GPIO[19]| InputEn: 0| OutputEn: 1| OpenDrain: 0| Pullup: 0| Pulldown: 0| Intr:0 [0m
[0;32mI (368) COTS: Telemetrum initialization done :D[0m
[0;32mI (368) COTS: Cots initialization[0m
[0;32mI (378) COTS: ***** EASYMINI *****[0m
[0;32mI (378) gpio: GPIO[18]| InputEn: 0| OutputEn: 1| OpenDrain: 0| Pullup: 0| Pulldown: 0| Intr:0 [0m
[0;32mI (388) gpio: GPIO[10]| InputEn: 1| OutputEn: 0| OpenDrain: 0| Pullup: 0| Pulldown: 0| Intr:0 [0m
[0;32mI (398) gpio: GPIO[9]| InputEn: 1| OutputEn: 0| OpenDrain: 0| Pullup: 0| Pulldown: 0| Intr:4 [0m
[0;32mI (408) COTS: EasyMini initialization done :D[0m
[0;32mI (408) RECOVERY: Recovery System Initialization[0m
[0;32mI (418) RECOVERY: DUPA[0m
[0;32mI (418) gpio: GPIO[4]| InputEn: 1| OutputEn: 0| OpenDrain: 0| Pullup: 0| Pulldown: 0| Intr:0 [0m
[0;32mI (428) gpio: GPIO[10]| InputEn: 1| OutputEn: 0| OpenDrain: 0| Pullup: 0| Pulldown: 0| Intr:0 [0m
[0;32mI (438) RECOVERY: DUPA2[0m
[0;32mI (438) gpio: GPIO[5]| InputEn: 0| OutputEn: 1| OpenDrain: 0| Pullup: 0| Pulldown: 0| Intr:0 [0m
[0;32mI (448) gpio: GPIO[22]| InputEn: 0| OutputEn: 1| OpenDrain: 0| Pullup: 0| Pulldown: 0| Intr:0 [0m
[0;32mI (458) gpio: GPIO[23]| InputEn: 0| OutputEn: 1| OpenDrain: 0| Pullup: 0| Pulldown: 0| Intr:0 [0m
[0;32mI (468) RECOVERY: DUPA3[0m
[0;32mI (468) RECOVERY: Recovery system initialization done :D[0m
[0;32mI (478) I2C: I2C INIT[0m
[0;32mI (478) I2C: DUPA[0m
[0;31mE (478) i2c: i2c_set_pin(927): sda gpio number error[0m
[0;32mI (488) I2C: DUPA2[0m
[0;32mI (488) I2C: DUPA3 [0m
[0;31mE (498) gpio: esp_intr_alloc failed (0x102)[0m
ESP_ERROR_CHECK failed: esp_err_t 0x105 (ESP_ERR_NOT_FOUND) at 0x400d5a1e
file: "./main/main.c" line 99
func: app_main
expression: gpio_install_isr_service(ESP_INTR_FLAG_NMI)

abort() was called at PC 0x40086b9b on core 0


Backtrace: 0x40081832:0x3ffb4c40 0x40086ba5:0x3ffb4c60 0x4008c20a:0x3ffb4c80 0x40086b9b:0x3ffb4cf0 0x400d5a1e:0x3ffb4d20 0x400e6188:0x3ffb4d40 0x40089195:0x3ffb4d70




ELF file SHA256: 4a5c1a671f1b5695

Rebooting...
ets Jun  8 2016 00:22:57

rst:0xc (SW_CPU_RESET),boot:0x13 (SPI_FAST_FLASH_BOOT)
configsip: 188777542, SPIWP:0xee
clk_drv:0x00,q_drv:0x00,d_drv:0x00,cs0_drv:0x00,hd_drv:0x00,wp_drv:0x00
mode:DIO, clock div:2
load:0x3fff0030,len:7096
load:0x40078000,len:15584
load:0x40080400,len:4
ho 8 tail 4 room 4
load:0x40080404,len:3876
entry 0x4008064c
[0;32mI (31) boot: ESP-IDF v5.1.2-365-ge60b0235ad 2nd stage bootloader[0m
[0;32mI (31) boot: compile time Apr  1 2024 23:03:50[0m
[0;32mI (33) boot: Multicore bootloader[0m
[0;32mI (37) boot: chip revision: v1.0[0m
[0;32mI (41) boot.esp32: SPI Speed      : 40MHz[0m
[0;32mI (46) boot.esp32: SPI Mode       : DIO[0m
[0;32mI (50) boot.esp32: SPI Flash Size : 2MB[0m
[0;32mI (55) boot: Enabling RNG early entropy source...[0m
[0;32mI (60) boot: Partition Table:[0m
[0;32mI (64) boot: ## Label            Usage          Type ST Offset   Length[0m
[0;32mI (71) boot:  0 nvs              WiFi data        01 02 00009000 00006000[0m
[0;32mI (78) boot:  1 phy_init         RF data          01 01 0000f000 00001000[0m
[0;32mI (86) boot:  2 factory          factory app      00 00 00010000 00100000[0m
[0;32mI (93) boot: End of partition table[0m
[0;32mI (98) esp_image: segment 0: paddr=00010020 vaddr=3f400020 size=0b498h ( 46232) map[0m
[0;32mI (123) esp_image: segment 1: paddr=0001b4c0 vaddr=3ffb0000 size=02178h (  8568) load[0m
[0;32mI (126) esp_image: segment 2: paddr=0001d640 vaddr=40080000 size=029d8h ( 10712) load[0m
[0;32mI (133) esp_image: segment 3: paddr=00020020 vaddr=400d0020 size=16918h ( 92440) map[0m
[0;32mI (170) esp_image: segment 4: paddr=00036940 vaddr=400829d8 size=0acech ( 44268) load[0m
[0;32mI (196) boot: Loaded app from partition at offset 0x10000[0m
[0;32mI (196) boot: Disabling RNG early entropy source...[0m
[0;32mI (207) cpu_start: Multicore app[0m
[0;32mI (208) cpu_start: Pro cpu up.[0m
[0;32mI (208) cpu_start: Starting app cpu, entry point is 0x40081200[0m
[0;32mI (195) cpu_start: App cpu up.[0m
[0;32mI (226) cpu_start: Pro cpu start user code[0m
[0;32mI (226) cpu_start: cpu freq: 160000000 Hz[0m
[0;32mI (226) cpu_start: Application information:[0m
[0;32mI (231) cpu_start: Project name:     main[0m
[0;32mI (235) cpu_start: App version:      2de3fa6-dirty[0m
[0;32mI (241) cpu_start: Compile time:     Apr  1 2024 23:03:46[0m
[0;32mI (247) cpu_start: ELF file SHA256:  4a5c1a671f1b5695...[0m
[0;32mI (253) cpu_start: ESP-IDF:          v5.1.2-365-ge60b0235ad[0m
[0;32mI (259) cpu_start: Min chip rev:     v0.0[0m
[0;32mI (264) cpu_start: Max chip rev:     v3.99 [0m
[0;32mI (269) cpu_start: Chip rev:         v1.0[0m
[0;32mI (274) heap_init: Initializing. RAM available for dynamic allocation:[0m
[0;32mI (281) heap_init: At 3FFAE6E0 len 00001920 (6 KiB): DRAM[0m
[0;32mI (287) heap_init: At 3FFB2A48 len 0002D5B8 (181 KiB): DRAM[0m
[0;32mI (293) heap_init: At 3FFE0440 len 00003AE0 (14 KiB): D/IRAM[0m
[0;32mI (299) heap_init: At 3FFE4350 len 0001BCB0 (111 KiB): D/IRAM[0m
[0;32mI (306) heap_init: At 4008D6C4 len 0001293C (74 KiB): IRAM[0m
[0;32mI (313) spi_flash: detected chip: gd[0m
[0;32mI (316) spi_flash: flash io: dio[0m
[0;33mW (320) spi_flash: Detected size(4096k) larger than the size in the binary image header(2048k). Using the size in the binary image header.[0m
[0;32mI (334) app_start: Starting scheduler on CPU0[0m
[0;32mI (338) app_start: Starting scheduler on CPU1[0m
[0;32mI (338) main_task: Started on CPU0[0m
[0;32mI (348) main_task: Calling app_main()[0m
[0;32mI (348) COTS: Cots initialization[0m
[0;32mI (348) COTS: **** TELEMETRUM ****[0m
[0;32mI (358) gpio: GPIO[19]| InputEn: 0| OutputEn: 1| OpenDrain: 0| Pullup: 0| Pulldown: 0| Intr:0 [0m
[0;32mI (368) COTS: Telemetrum initialization done :D[0m
[0;32mI (368) COTS: Cots initialization[0m
[0;32mI (378) COTS: ***** EASYMINI *****[0m
[0;32mI (378) gpio: GPIO[18]| InputEn: 0| OutputEn: 1| OpenDrain: 0| Pullup: 0| Pulldown: 0| Intr:0 [0m
[0;32mI (388) gpio: GPIO[10]| InputEn: 1| OutputEn: 0| OpenDrain: 0| Pullup: 0| Pulldown: 0| Intr:0 [0m
[0;32mI (398) gpio: GPIO[9]| InputEn: 1| OutputEn: 0| OpenDrain: 0| Pullup: 0| Pulldown: 0| Intr:4 [0m
[0;32mI (408) COTS: EasyMini initialization done :D[0m
[0;32mI (408) RECOVERY: Recovery System Initialization[0m
[0;32mI (418) RECOVERY: DUPA[0m
[0;32mI (418) gpio: GPIO[4]| InputEn: 1| OutputEn: 0| OpenDrain: 0| Pullup: 0| Pulldown: 0| Intr:0 [0m
[0;32mI (428) gpio: GPIO[10]| InputEn: 1| OutputEn: 0| OpenDrain: 0| Pullup: 0| Pulldown: 0| Intr:0 [0m
[0;32mI (438) RECOVERY: DUPA2[0m
[0;32mI (438) gpio: GPIO[5]| InputEn: 0| OutputEn: 1| OpenDrain: 0| Pullup: 0| Pulldown: 0| Intr:0 [0m
[0;32mI (448) gpio: GPIO[22]| InputEn: 0| OutputEn: 1| OpenDrain: 0| Pullup: 0| Pulldown: 0| Intr:0 [0m
[0;32mI (458) gpio: GPIO[23]| InputEn: 0| OutputEn: 1| OpenDrain: 0| Pullup: 0| Pulldown: 0| Intr:0 [0m
[0;32mI (468) RECOVERY: DUPA3[0m
[0;32mI (468) RECOVERY: Recovery system initialization done :D[0m
[0;32mI (478) I2C: I2C INIT[0m
[0;32mI (478) I2C: DUPA[0m
[0;31mE (478) i2c: i2c_set_pin(927): sda gpio number error[0m
[0;32mI (488) I2C: DUPA2[0m
[0;32mI (488) I2C: DUPA3 [0m
[0;31mE (498) gpio: esp_intr_alloc failed (0x102)[0m
ESP_ERROR_CHECK failed: esp_err_t 0x105 (ESP_ERR_NOT_FOUND) at 0x400d5a1e
file: "./main/main.c" line 99
func: app_main
expression: gpio_install_isr_service(ESP_INTR_FLAG_NMI)

abort() was called at PC 0x40086b9b on core 0


Backtrace: 0x40081832:0x3ffb4c40 0x40086ba5:0x3ffb4c60 0x4008c20a:0x3ffb4c80 0x40086b9b:0x3ffb4cf0 0x400d5a1e:0x3ffb4d20 0x400e6188:0x3ffb4d40 0x40089195:0x3ffb4d70




ELF file SHA256: 4a5c1a671f1b5695

Rebooting...
ets Jun  8 2016 00:22:57

rst:0xc (SW_CPU_RESET),boot:0x13 (SPI_FAST_FLASH_BOOT)
configsip: 188777542, SPIWP:0xee
clk_drv:0x00,q_drv:0x00,d_drv:0x00,cs0_drv:0x00,hd_drv:0x00,wp_drv:0x00
mode:DIO, clock div:2
load:0x3fff0030,len:7096
load:0x40078000,len:15584
load:0x40080400,len:4
ho 8 tail 4 room 4
load:0x40080404,len:3876
entry 0x4008064c
[0;32mI (31) boot: ESP-IDF v5.1.2-365-ge60b0235ad 2nd stage bootloader[0m
[0;32mI (31) boot: compile time Apr  1 2024 23:03:50[0m
[0;32mI (33) boot: Multicore bootloader[0m
[0;32mI (37) boot: chip revision: v1.0[0m
[0;32mI (41) boot.esp32: SPI Speed      : 40MHz[0m
[0;32mI (46) boot.esp32: SPI Mode       : DIO[0m
[0;32mI (50) boot.esp32: SPI Flash Size : 2MB[0m
[0;32mI (55) boot: Enabling RNG early entropy source...[0m
[0;32mI (60) boot: Partition Table:[0m
[0;32mI (64) boot: ## Label            Usage          Type ST Offset   Length[0m
[0;32mI (71) boot:  0 nvs              WiFi data        01 02 00009000 00006000[0m
[0;32mI (78) boot:  1 phy_init         RF data          01 01 0000f000 00001000[0m
[0;32mI (86) boot:  2 factory          factory app      00 00 00010000 00100000[0m
[0;32mI (93) boot: End of partition table[0m
[0;32mI (98) esp_image: segment 0: paddr=00010020 vaddr=3f400020 size=0b498h ( 46232) map[0m
[0;32mI (123) esp_image: segment 1: paddr=0001b4c0 vaddr=3ffb0000 size=02178h (  8568) load[0m
[0;32mI (126) esp_image: segment 2: paddr=0001d640 vaddr=40080000 size=029d8h ( 10712) load[0m
[0;32mI (133) esp_image: segment 3: paddr=00020020 vaddr=400d0020 size=16918h ( 92440) map[0m
[0;32mI (170) esp_image: segment 4: paddr=00036940 vaddr=400829d8 size=0acech ( 44268) load[0m
[0;32mI (196) boot: Loaded app from partition at offset 0x10000[0m
[0;32mI (196) boot: Disabling RNG early entropy source...[0m
[0;32mI (207) cpu_start: Multicore app[0m
[0;32mI (208) cpu_start: Pro cpu up.[0m
[0;32mI (208) cpu_start: Starting app cpu, entry point is 0x40081200[0m
[0;32mI (195) cpu_start: App cpu up.[0m
[0;32mI (226) cpu_start: Pro cpu start user code[0m
[0;32mI (226) cpu_start: cpu freq: 160000000 Hz[0m
[0;32mI (226) cpu_start: Application information:[0m
[0;32mI (231) cpu_start: Project name:     main[0m
[0;32mI (235) cpu_start: App version:      2de3fa6-dirty[0m
[0;32mI (241) cpu_start: Compile time:     Apr  1 2024 23:03:46[0m
[0;32mI (247) cpu_start: ELF file SHA256:  4a5c1a671f1b5695...[0m
[0;32mI (253) cpu_start: ESP-IDF:          v5.1.2-365-ge60b0235ad[0m
[0;32mI (259) cpu_start: Min chip rev:     v0.0[0m
[0;32mI (264) cpu_start: Max chip rev:     v3.99 [0m
[0;32mI (269) cpu_start: Chip rev:         v1.0[0m
[0;32mI (274) heap_init: Initializing. RAM available for dynamic allocation:[0m
[0;32mI (281) heap_init: At 3FFAE6E0 len 00001920 (6 KiB): DRAM[0m
[0;32mI (287) heap_init: At 3FFB2A48 len 0002D5B8 (181 KiB): DRAM[0m
[0;32mI (293) heap_init: At 3FFE0440 len 00003AE0 (14 KiB): D/IRAM[0m
[0;32mI (299) heap_init: At 3FFE4350 len 0001BCB0 (111 KiB): D/IRAM[0m
[0;32mI (306) heap_init: At 4008D6C4 len 0001293C (74 KiB): IRAM[0m
[0;32mI (313) spi_flash: detected chip: gd[0m
[0;32mI (316) spi_flash: flash io: dio[0m
[0;33mW (320) spi_flash: Detected size(4096k) larger than the size in the binary image header(2048k). Using the size in the binary image header.[0m
[0;32mI (334) app_start: Starting scheduler on CPU0[0m
[0;32mI (338) app_start: Starting scheduler on CPU1[0m
[0;32mI (338) main_task: Started on CPU0[0m
[0;32mI (348) main_task: Calling app_main()[0m
[0;32mI (348) COTS: Cots initialization[0m
[0;32mI (348) COTS: **** TELEMETRUM ****[0m
[0;32mI (358) gpio: GPIO[19]| InputEn: 0| OutputEn: 1| OpenDrain: 0| Pullup: 0| Pulldown: 0| Intr:0 [0m
[0;32mI (368) COTS: Telemetrum initialization done :D[0m
[0;32mI (368) COTS: Cots initialization[0m
[0;32mI (378) COTS: ***** EASYMINI *****[0m
[0;32mI (378) gpio: GPIO[18]| InputEn: 0| OutputEn: 1| OpenDrain: 0| Pullup: 0| Pulldown: 0| Intr:0 [0m
[0;32mI (388) gpio: GPIO[10]| InputEn: 1| OutputEn: 0| OpenDrain: 0| Pullup: 0| Pulldown: 0| Intr:0 [0m
[0;32mI (398) gpio: GPIO[9]| InputEn: 1| OutputEn: 0| OpenDrain: 0| Pullup: 0| Pulldown: 0| Intr:4 [0m
[0;32mI (408) COTS: EasyMini initialization done :D[0m
[0;32mI (408) RECOVERY: Recovery System Initialization[0m
[0;32mI (418) RECOVERY: DUPA[0m
[0;32mI (418) gpio: GPIO[4]| InputEn: 1| OutputEn: 0| OpenDrain: 0| Pullup: 0| Pulldown: 0| Intr:0 [0m
[0;32mI (428) gpio: GPIO[10]| InputEn: 1| OutputEn: 0| OpenDrain: 0| Pullup: 0| Pulldown: 0| Intr:0 [0m
[0;32mI (438) RECOVERY: DUPA2[0m
[0;32mI (438) gpio: GPIO[5]| InputEn: 0| OutputEn: 1| OpenDrain: 0| Pullup: 0| Pulldown: 0| Intr:0 [0m
[0;32mI (448) gpio: GPIO[22]| InputEn: 0| OutputEn: 1| OpenDrain: 0| Pullup: 0| Pulldown: 0| Intr:0 [0m
[0;32mI (458) gpio: GPIO[23]| InputEn: 0| OutputEn: 1| OpenDrain: 0| Pullup: 0| Pulldown: 0| Intr:0 [0m
[0;32mI (468) RECOVERY: DUPA3[0m
[0;32mI (468) RECOVERY: Recovery system initialization done :D[0m
[0;32mI (478) I2C: I2C INIT[0m
[0;32mI (478) I2C: DUPA[0m
[0;31mE (478) i2c: i2c_set_pin(927): sda gpio number error[0m
[0;32mI (488) I2C: DUPA2[0m
[0;32mI (488) I2C: DUPA3 [0m
[0;31mE (498) gpio: esp_intr_alloc failed (0x102)[0m
ESP_ERROR_CHECK failed: esp_err_t 0x105 (ESP_ERR_NOT_FOUND) at 0x400d5a1e
file: "./main/main.c" line 99
func: app_main
expression: gpio_install_isr_service(ESP_INTR_FLAG_NMI)

abort() was called at PC 0x40086b9b on core 0


Backtrace: 0x40081832:0x3ffb4c40 0x40086ba5:0x3ffb4c60 0x4008c20a:0x3ffb4c80 0x40086b9b:0x3ffb4cf0 0x400d5a1e:0x3ffb4d20 0x400e6188:0x3ffb4d40 0x40089195:0x3ffb4d70




ELF file SHA256: 4a5c1a671f1b5695

Rebooting...
ets Jun  8 2016 00:22:57

rst:0xc (SW_CPU_RESET),boot:0x13 (SPI_FAST_FLASH_BOOT)
configsip: 188777542, SPIWP:0xee
clk_drv:0x00,q_drv:0x00,d_drv:0x00,cs0_drv:0x00,hd_drv:0x00,wp_drv:0x00
mode:DIO, clock div:2
load:0x3fff0030,len:7096
load:0x40078000,len:15584
load:0x40080400,len:4
ho 8 tail 4 room 4
load:0x40080404,len:3876
entry 0x4008064c
[0;32mI (31) boot: ESP-IDF v5.1.2-365-ge60b0235ad 2nd stage bootloader[0m
[0;32mI (31) boot: compile time Apr  1 2024 23:03:50[0m
[0;32mI (33) boot: Multicore bootloader[0m
[0;32mI (37) boot: chip revision: v1.0[0m
[0;32mI (41) boot.esp32: SPI Speed      : 40MHz[0m
[0;32mI (46) boot.esp32: SPI Mode       : DIO[0m
[0;32mI (50) boot.esp32: SPI Flash Size : 2MB[0m
[0;32mI (55) boot: Enabling RNG early entropy source...[0m
[0;32mI (60) boot: Partition Table:[0m
[0;32mI (64) boot: ## Label            Usage          Type ST Offset   Length[0m
[0;32mI (71) boot:  0 nvs              WiFi data        01 02 00009000 00006000[0m
[0;32mI (78) boot:  1 phy_init         RF data          01 01 0000f000 00001000[0m
[0;32mI (86) boot:  2 factory          factory app      00 00 00010000 00100000[0m
[0;32mI (93) boot: End of partition table[0m
[0;32mI (98) esp_image: segment 0: paddr=00010020 vaddr=3f400020 size=0b498h ( 46232) map[0m
[0;32mI (123) esp_image: segment 1: paddr=0001b4c0 vaddr=3ffb0000 size=02178h (  8568) load[0m
[0;32mI (126) esp_image: segment 2: paddr=0001d640 vaddr=40080000 size=029d8h ( 10712) load[0m
[0;32mI (133) esp_image: segment 3: paddr=00020020 vaddr=400d0020 size=16918h ( 92440) map[0m
[0;32mI (170) esp_image: segment 4: paddr=00036940 vaddr=400829d8 size=0acech ( 44268) load[0m
[0;32mI (196) boot: Loaded app from partition at offset 0x10000[0m
[0;32mI (196) boot: Disabling RNG early entropy source...[0m
[0;32mI (207) cpu_start: Multicore app[0m
[0;32mI (208) cpu_start: Pro cpu up.[0m
[0;32mI (208) cpu_start: Starting app cpu, entry point is 0x40081200[0m
[0;32mI (195) cpu_start: App cpu up.[0m
[0;32mI (226) cpu_start: Pro cpu start user code[0m
[0;32mI (226) cpu_start: cpu freq: 160000000 Hz[0m
[0;32mI (226) cpu_start: Application information:[0m
[0;32mI (231) cpu_start: Project name:     main[0m
[0;32mI (235) cpu_start: App version:      2de3fa6-dirty[0m
[0;32mI (241) cpu_start: Compile time:     Apr  1 2024 23:03:46[0m
[0;32mI (247) cpu_start: ELF file SHA256:  4a5c1a671f1b5695...[0m
[0;32mI (253) cpu_start: ESP-IDF:          v5.1.2-365-ge60b0235ad[0m
[0;32mI (259) cpu_start: Min chip rev:     v0.0[0m
[0;32mI (264) cpu_start: Max chip rev:     v3.99 [0m
[0;32mI (269) cpu_start: Chip rev:         v1.0[0m
[0;32mI (274) heap_init: Initializing. RAM available for dynamic allocation:[0m
[0;32mI (281) heap_init: At 3FFAE6E0 len 00001920 (6 KiB): DRAM[0m
[0;32mI (287) heap_init: At 3FFB2A48 len 0002D5B8 (181 KiB): DRAM[0m
[0;32mI (293) heap_init: At 3FFE0440 len 00003AE0 (14 KiB): D/IRAM[0m
[0;32mI (299) heap_init: At 3FFE4350 len 0001BCB0 (111 KiB): D/IRAM[0m
[0;32mI (306) heap_init: At 4008D6C4 len 0001293C (74 KiB): IRAM[0m
[0;32mI (313) spi_flash: detected chip: gd[0m
[0;32mI (316) spi_flash: flash io: dio[0m
[0;33mW (320) spi_flash: Detected size(4096k) larger than the size in the binary image header(2048k). Using the size in the binary image header.[0m
[0;32mI (334) app_start: Starting scheduler on CPU0[0m
[0;32mI (338) app_start: Starting scheduler on CPU1[0m
[0;32mI (338) main_task: Started on CPU0[0m
[0;32mI (348) main_task: Calling app_main()[0m
[0;32mI (348) COTS: Cots initialization[0m
[0;32mI (348) COTS: **** TELEMETRUM ****[0m
[0;32mI (358) gpio: GPIO[19]| InputEn: 0| OutputEn: 1| OpenDrain: 0| Pullup: 0| Pulldown: 0| Intr:0 [0m
[0;32mI (368) COTS: Telemetrum initialization done :D[0m
[0;32mI (368) COTS: Cots initialization[0m
[0;32mI (378) COTS: ***** EASYMINI *****[0m
[0;32mI (378) gpio: GPIO[18]| InputEn: 0| OutputEn: 1| OpenDrain: 0| Pullup: 0| Pulldown: 0| Intr:0 [0m
[0;32mI (388) gpio: GPIO[10]| InputEn: 1| OutputEn: 0| OpenDrain: 0| Pullup: 0| Pulldown: 0| Intr:0 [0m
[0;32mI (398) gpio: GPIO[9]| InputEn: 1| OutputEn: 0| OpenDrain: 0| Pullup: 0| Pulldown: 0| Intr:4 [0m
[0;32mI (408) COTS: EasyMini initialization done :D[0m
[0;32mI (408) RECOVERY: Recovery System Initialization[0m
[0;32mI (418) RECOVERY: DUPA[0m
[0;32mI (418) gpio: GPIO[4]| InputEn: 1| OutputEn: 0| OpenDrain: 0| Pullup: 0| Pulldown: 0| Intr:0 [0m
[0;32mI (428) gpio: GPIO[10]| InputEn: 1| OutputEn: 0| OpenDrain: 0| Pullup: 0| Pulldown: 0| Intr:0 [0m
[0;32mI (438) RECOVERY: DUPA2[0m
[0;32mI (438) gpio: GPIO[5]| InputEn: 0| OutputEn: 1| OpenDrain: 0| Pullup: 0| Pulldown: 0| Intr:0 [0m
[0;32mI (448) gpio: GPIO[22]| InputEn: 0| OutputEn: 1| OpenDrain: 0| Pullup: 0| Pulldown: 0| Intr:0 [0m
[0;32mI (458) gpio: GPIO[23]| InputEn: 0| OutputEn: 1| OpenDrain: 0| Pullup: 0| Pulldown: 0| Intr:0 [0m
[0;32mI (468) RECOVERY: DUPA3[0m
[0;32mI (468) RECOVERY: Recovery system initialization done :D[0m
[0;32mI (478) I2C: I2C INIT[0m
[0;32mI (478) I2C: DUPA[0m
[0;31mE (478) i2c: i2c_set_pin(927): sda gpio number error[0m
[0;32mI (488) I2C: DUPA2[0m
[0;32mI (488) I2C: DUPA3 [0m
[0;31mE (498) gpio: esp_intr_alloc failed (0x102)[0m
ESP_ERROR_CHECK failed: esp_err_t 0x105 (ESP_ERR_NOT_FOUND) at 0x400d5a1e
file: "./main/main.c" line 99
func: app_main
expression: gpio_install_isr_service(ESP_INTR_FLAG_NMI)

abort() was called at PC 0x40086b9b on core 0


Backtrace: 0x40081832:0x3ffb4c40 0x40086ba5:0x3ffb4c60 0x4008c20a:0x3ffb4c80 0x40086b9b:0x3ffb4cf0 0x400d5a1e:0x3ffb4d20 0x400e6188:0x3ffb4d40 0x40089195:0x3ffb4d70




ELF file SHA256: 4a5c1a671f1b5695

Rebooting...
ets Jun  8 2016 00:22:57

rst:0xc (SW_CPU_RESET),boot:0x13 (SPI_FAST_FLASH_BOOT)
configsip: 188777542, SPIWP:0xee
clk_drv:0x00,q_drv:0x00,d_drv:0x00,cs0_drv:0x00,hd_drv:0x00,wp_drv:0x00
mode:DIO, clock div:2
load:0x3fff0030,len:7096
load:0x40078000,len:15584
load:0x40080400,len:4
ho 8 tail 4 room 4
load:0x40080404,len:3876
entry 0x4008064c
[0;32mI (31) boot: ESP-IDF v5.1.2-365-ge60b0235ad 2nd stage bootloader[0m
[0;32mI (31) boot: compile time Apr  1 2024 23:03:50[0m
[0;32mI (33) boot: Multicore bootloader[0m
[0;32mI (37) boot: chip revision: v1.0[0m
[0;32mI (41) boot.esp32: SPI Speed      : 40MHz[0m
[0;32mI (46) boot.esp32: SPI Mode       : DIO[0m
[0;32mI (50) boot.esp32: SPI Flash Size : 2MB[0m
[0;32mI (55) boot: Enabling RNG early entropy source...[0m
[0;32mI (60) boot: Partition Table:[0m
[0;32mI (64) boot: ## Label            Usage          Type ST Offset   Length[0m
[0;32mI (71) boot:  0 nvs              WiFi data        01 02 00009000 00006000[0m
[0;32mI (78) boot:  1 phy_init         RF data          01 01 0000f000 00001000[0m
[0;32mI (86) boot:  2 factory          factory app      00 00 00010000 00100000[0m
[0;32mI (93) boot: End of partition table[0m
[0;32mI (98) esp_image: segment 0: paddr=00010020 vaddr=3f400020 size=0b498h ( 46232) map[0m
[0;32mI (123) esp_image: segment 1: paddr=0001b4c0 vaddr=3ffb0000 size=02178h (  8568) load[0m
[0;32mI (126) esp_image: segment 2: paddr=0001d640 vaddr=40080000 size=029d8h ( 10712) load[0m
[0;32mI (133) esp_image: segment 3: paddr=00020020 vaddr=400d0020 size=16918h ( 92440) map[0m
[0;32mI (170) esp_image: segment 4: paddr=00036940 vaddr=400829d8 size=0acech ( 44268) load[0m
[0;32mI (196) boot: Loaded app from partition at offset 0x10000[0m
[0;32mI (196) boot: Disabling RNG early entropy source...[0m
[0;32mI (207) cpu_start: Multicore app[0m
[0;32mI (208) cpu_start: Pro cpu up.[0m
[0;32mI (208) cpu_start: Starting app cpu, entry point is 0x40081200[0m
[0;32mI (195) cpu_start: App cpu up.[0m
[0;32mI (226) cpu_start: Pro cpu start user code[0m
[0;32mI (226) cpu_start: cpu freq: 160000000 Hz[0m
[0;32mI (226) cpu_start: Application information:[0m
[0;32mI (231) cpu_start: Project name:     main[0m
[0;32mI (235) cpu_start: App version:      2de3fa6-dirty[0m
[0;32mI (241) cpu_start: Compile time:     Apr  1 2024 23:03:46[0m
[0;32mI (247) cpu_start: ELF file SHA256:  4a5c1a671f1b5695...[0m
[0;32mI (253) cpu_start: ESP-IDF:          v5.1.2-365-ge60b0235ad[0m
[0;32mI (259) cpu_start: Min chip rev:     v0.0[0m
[0;32mI (264) cpu_start: Max chip rev:     v3.99 [0m
[0;32mI (269) cpu_start: Chip rev:         v1.0[0m
[0;32mI (274) heap_init: Initializing. RAM available for dynamic allocation:[0m
[0;32mI (281) heap_init: At 3FFAE6E0 len 00001920 (6 KiB): DRAM[0m
[0;32mI (287) heap_init: At 3FFB2A48 len 0002D5B8 (181 KiB): DRAM[0m
[0;32mI (293) heap_init: At 3FFE0440 len 00003AE0 (14 KiB): D/IRAM[0m
[0;32mI (299) heap_init: At 3FFE4350 len 0001BCB0 (111 KiB): D/IRAM[0m
[0;32mI (306) heap_init: At 4008D6C4 len 0001293C (74 KiB): IRAM[0m
[0;32mI (313) spi_flash: detected chip: gd[0m
[0;32mI (316) spi_flash: flash io: dio[0m
[0;33mW (320) spi_flash: Detected size(4096k) larger than the size in the binary image header(2048k). Using the size in the binary image header.[0m
[0;32mI (334) app_start: Starting scheduler on CPU0[0m
[0;32mI (338) app_start: Starting scheduler on CPU1[0m
[0;32mI (338) main_task: Started on CPU0[0m
[0;32mI (348) main_task: Calling app_main()[0m
[0;32mI (348) COTS: Cots initialization[0m
[0;32mI (348) COTS: **** TELEMETRUM ****[0m
[0;32mI (358) gpio: GPIO[19]| InputEn: 0| OutputEn: 1| OpenDrain: 0| Pullup: 0| Pulldown: 0| Intr:0 [0m
[0;32mI (368) COTS: Telemetrum initialization done :D[0m
[0;32mI (368) COTS: Cots initialization[0m
[0;32mI (378) COTS: ***** EASYMINI *****[0m
[0;32mI (378) gpio: GPIO[18]| InputEn: 0| OutputEn: 1| OpenDrain: 0| Pullup: 0| Pulldown: 0| Intr:0 [0m
[0;32mI (388) gpio: GPIO[10]| InputEn: 1| OutputEn: 0| OpenDrain: 0| Pullup: 0| Pulldown: 0| Intr:0 [0m
[0;32mI (398) gpio: GPIO[9]| InputEn: 1| OutputEn: 0| OpenDrain: 0| Pullup: 0| Pulldown: 0| Intr:4 [0m
[0;32mI (408) COTS: EasyMini initialization done :D[0m
[0;32mI (408) RECOVERY: Recovery System Initialization[0m
[0;32mI (418) RECOVERY: DUPA[0m
[0;32mI (418) gpio: GPIO[4]| InputEn: 1| OutputEn: 0| OpenDrain: 0| Pullup: 0| Pulldown: 0| Intr:0 [0m
[0;32mI (428) gpio: GPIO[10]| InputEn: 1| OutputEn: 0| OpenDrain: 0| Pullup: 0| Pulldown: 0| Intr:0 [0m
[0;32mI (438) RECOVERY: DUPA2[0m
[0;32mI (438) gpio: GPIO[5]| InputEn: 0| OutputEn: 1| OpenDrain: 0| Pullup: 0| Pulldown: 0| Intr:0 [0m
[0;32mI (448) gpio: GPIO[22]| InputEn: 0| OutputEn: 1| OpenDrain: 0| Pullup: 0| Pulldown: 0| Intr:0 [0m
[0;32mI (458) gpio: GPIO[23]| InputEn: 0| OutputEn: 1| OpenDrain: 0| Pullup: 0| Pulldown: 0| Intr:0 [0m
[0;32mI (468) RECOVERY: DUPA3[0m
[0;32mI (468) RECOVERY: Recovery system initialization done :D[0m
[0;32mI (478) I2C: I2C INIT[0m
[0;32mI (478) I2C: DUPA[0m
[0;31mE (478) i2c: i2c_set_pin(927): sda gpio number error[0m
[0;32mI (488) I2C: DUPA2[0m
[0;32mI (488) I2C: DUPA3 [0m
[0;31mE (498) gpio: esp_intr_alloc failed (0x102)[0m
ESP_ERROR_CHECK failed: esp_err_t 0x105 (ESP_ERR_NOT_FOUND) at 0x400d5a1e
file: "./main/main.c" line 99
func: app_main
expression: gpio_install_isr_service(ESP_INTR_FLAG_NMI)

abort() was called at PC 0x40086b9b on core 0


Backtrace: 0x40081832:0x3ffb4c40 0x40086ba5:0x3ffb4c60 0x4008c20a:0x3ffb4c80 0x40086b9b:0x3ffb4cf0 0x400d5a1e:0x3ffb4d20 0x400e6188:0x3ffb4d40 0x40089195:0x3ffb4d70




ELF file SHA256: 4a5c1a671f1b5695

Rebooting...
ets Jun  8 2016 00:22:57

rst:0xc (SW_CPU_RESET),boot:0x13 (SPI_FAST_FLASH_BOOT)
configsip: 188777542, SPIWP:0xee
clk_drv:0x00,q_drv:0x00,d_drv:0x00,cs0_drv:0x00,hd_drv:0x00,wp_drv:0x00
mode:DIO, clock div:2
load:0x3fff0030,len:7096
load:0x40078000,len:15584
load:0x40080400,len:4
ho 8 tail 4 room 4
load:0x40080404,len:3876
entry 0x4008064c
[0;32mI (31) boot: ESP-IDF v5.1.2-365-ge60b0235ad 2nd stage bootloader[0m
[0;32mI (31) boot: compile time Apr  1 2024 23:03:50[0m
[0;32mI (33) boot: Multicore bootloader[0m
[0;32mI (37) boot: chip revision: v1.0[0m
[0;32mI (41) boot.esp32: SPI Speed      : 40MHz[0m
[0;32mI (46) boot.esp32: SPI Mode       : DIO[0m
[0;32mI (50) boot.esp32: SPI Flash Size : 2MB[0m
[0;32mI (55) boot: Enabling RNG early entropy source...[0m
[0;32mI (60) boot: Partition Table:[0m
[0;32mI (64) boot: ## Label            Usage          Type ST Offset   Length[0m
[0;32mI (71) boot:  0 nvs              WiFi data        01 02 00009000 00006000[0m
[0;32mI (78) boot:  1 phy_init         RF data          01 01 0000f000 00001000[0m
[0;32mI (86) boot:  2 factory          factory app      00 00 00010000 00100000[0m
[0;32mI (93) boot: End of partition table[0m
[0;32mI (98) esp_image: segment 0: paddr=00010020 vaddr=3f400020 size=0b498h ( 46232) map[0m
[0;32mI (123) esp_image: segment 1: paddr=0001b4c0 vaddr=3ffb0000 size=02178h (  8568) load[0m
[0;32mI (126) esp_image: segment 2: paddr=0001d640 vaddr=40080000 size=029d8h ( 10712) load[0m
[0;32mI (133) esp_image: segment 3: paddr=00020020 vaddr=400d0020 size=16918h ( 92440) map[0m
[0;32mI (170) esp_image: segment 4: paddr=00036940 vaddr=400829d8 size=0acech ( 44268) load[0m
[0;32mI (196) boot: Loaded app from partition at offset 0x10000[0m
[0;32mI (196) boot: Disabling RNG early entropy source...[0m
[0;32mI (207) cpu_start: Multicore app[0m
[0;32mI (208) cpu_start: Pro cpu up.[0m
[0;32mI (208) cpu_start: Starting app cpu, entry point is 0x40081200[0m
[0;32mI (195) cpu_start: App cpu up.[0m
[0;32mI (226) cpu_start: Pro cpu start user code[0m
[0;32mI (226) cpu_start: cpu freq: 160000000 Hz[0m
[0;32mI (226) cpu_start: Application information:[0m
[0;32mI (231) cpu_start: Project name:     main[0m
[0;32mI (235) cpu_start: App version:      2de3fa6-dirty[0m
[0;32mI (241) cpu_start: Compile time:     Apr  1 2024 23:03:46[0m
[0;32mI (247) cpu_start: ELF file SHA256:  4a5c1a671f1b5695...[0m
[0;32mI (253) cpu_start: ESP-IDF:          v5.1.2-365-ge60b0235ad[0m
[0;32mI (259) cpu_start: Min chip rev:     v0.0[0m
[0;32mI (264) cpu_start: Max chip rev:     v3.99 [0m
[0;32mI (269) cpu_start: Chip rev:         v1.0[0m
[0;32mI (274) heap_init: Initializing. RAM available for dynamic allocation:[0m
[0;32mI (281) heap_init: At 3FFAE6E0 len 00001920 (6 KiB): DRAM[0m
[0;32mI (287) heap_init: At 3FFB2A48 len 0002D5B8 (181 KiB): DRAM[0m
[0;32mI (293) heap_init: At 3FFE0440 len 00003AE0 (14 KiB): D/IRAM[0m
[0;32mI (299) heap_init: At 3FFE4350 len 0001BCB0 (111 KiB): D/IRAM[0m
[0;32mI (306) heap_init: At 4008D6C4 len 0001293C (74 KiB): IRAM[0m
[0;32mI (313) spi_flash: detected chip: gd[0m
[0;32mI (316) spi_flash: flash io: dio[0m
[0;33mW (320) spi_flash: Detected size(4096k) larger than the size in the binary image header(2048k). Using the size in the binary image header.[0m
[0;32mI (334) app_start: Starting scheduler on CPU0[0m
[0;32mI (338) app_start: Starting scheduler on CPU1[0m
[0;32mI (338) main_task: Started on CPU0[0m
[0;32mI (348) main_task: Calling app_main()[0m
[0;32mI (348) COTS: Cots initialization[0m
[0;32mI (348) COTS: **** TELEMETRUM ****[0m
[0;32mI (358) gpio: GPIO[19]| InputEn: 0| OutputEn: 1| OpenDrain: 0| Pullup: 0| Pulldown: 0| Intr:0 [0m
[0;32mI (368) COTS: Telemetrum initialization done :D[0m
[0;32mI (368) COTS: Cots initialization[0m
[0;32mI (378) COTS: ***** EASYMINI *****[0m
[0;32mI (378) gpio: GPIO[18]| InputEn: 0| OutputEn: 1| OpenDrain: 0| Pullup: 0| Pulldown: 0| Intr:0 [0m
[0;32mI (388) gpio: GPIO[10]| InputEn: 1| OutputEn: 0| OpenDrain: 0| Pullup: 0| Pulldown: 0| Intr:0 [0m
[0;32mI (398) gpio: GPIO[9]| InputEn: 1| OutputEn: 0| OpenDrain: 0| Pullup: 0| Pulldown: 0| Intr:4 [0m
[0;32mI (408) COTS: EasyMini initialization done :D[0m
[0;32mI (408) RECOVERY: Recovery System Initialization[0m
[0;32mI (418) RECOVERY: DUPA[0m
[0;32mI (418) gpio: GPIO[4]| InputEn: 1| OutputEn: 0| OpenDrain: 0| Pullup: 0| Pulldown: 0| Intr:0 [0m
[0;32mI (428) gpio: GPIO[10]| InputEn: 1| OutputEn: 0| OpenDrain: 0| Pullup: 0| Pulldown: 0| Intr:0 [0m
[0;32mI (438) RECOVERY: DUPA2[0m
[0;32mI (438) gpio: GPIO[5]| InputEn: 0| OutputEn: 1| OpenDrain: 0| Pullup: 0| Pulldown: 0| Intr:0 [0m
[0;32mI (448) gpio: GPIO[22]| InputEn: 0| OutputEn: 1| OpenDrain: 0| Pullup: 0| Pulldown: 0| Intr:0 [0m
[0;32mI (458) gpio: GPIO[23]| InputEn: 0| OutputEn: 1| OpenDrain: 0| Pullup: 0| Pulldown: 0| Intr:0 [0m
[0;32mI (468) RECOVERY: DUPA3[0m
[0;32mI (468) RECOVERY: Recovery system initialization done :D[0m
[0;32mI (478) I2C: I2C INIT[0m
[0;32mI (478) I2C: DUPA[0m
[0;31mE (478) i2c: i2c_set_pin(927): sda gpio number error[0m
[0;32mI (488) I2C: DUPA2[0m
[0;32mI (488) I2C: DUPA3 [0m
[0;31mE (498) gpio: esp_intr_alloc failed (0x102)[0m
ESP_ERROR_CHECK failed: esp_err_t 0x105 (ESP_ERR_NOT_FOUND) at 0x400d5a1e
file: "./main/main.c" line 99
func: app_main
expression: gpio_install_isr_service(ESP_INTR_FLAG_NMI)

abort() was called at PC 0x40086b9b on core 0


Backtrace: 0x40081832:0x3ffb4c40 0x40086ba5:0x3ffb4c60 0x4008c20a:0x3ffb4c80 0x40086b9b:0x3ffb4cf0 0x400d5a1e:0x3ffb4d20 0x400e6188:0x3ffb4d40 0x40089195:0x3ffb4d70




ELF file SHA256: 4a5c1a671f1b5695

Rebooting...
ets Jun  8 2016 00:22:57

rst:0xc (SW_CPU_RESET),boot:0x13 (SPI_FAST_FLASH_BOOT)
configsip: 188777542, SPIWP:0xee
clk_drv:0x00,q_drv:0x00,d_drv:0x00,cs0_drv:0x00,hd_drv:0x00,wp_drv:0x00
mode:DIO, clock div:2
load:0x3fff0030,len:7096
load:0x40078000,len:15584
load:0x40080400,len:4
ho 8 tail 4 room 4
load:0x40080404,len:3876
entry 0x4008064c
[0;32mI (31) boot: ESP-IDF v5.1.2-365-ge60b0235ad 2nd stage bootloader[0m
[0;32mI (31) boot: compile time Apr  1 2024 23:03:50[0m
[0;32mI (33) boot: Multicore bootloader[0m
[0;32mI (37) boot: chip revision: v1.0[0m
[0;32mI (41) boot.esp32: SPI Speed      : 40MHz[0m
[0;32mI (46) boot.esp32: SPI Mode       : DIO[0m
[0;32mI (50) boot.esp32: SPI Flash Size : 2MB[0m
[0;32mI (55) boot: Enabling RNG early entropy source...[0m
[0;32mI (60) boot: Partition Table:[0m
[0;32mI (64) boot: ## Label            Usage          Type ST Offset   Length[0m
[0;32mI (71) boot:  0 nvs              WiFi data        01 02 00009000 00006000[0m
[0;32mI (78) boot:  1 phy_init         RF data          01 01 0000f000 00001000[0m
[0;32mI (86) boot:  2 factory          factory app      00 00 00010000 00100000[0m
[0;32mI (93) boot: End of partition table[0m
[0;32mI (98) esp_image: segment 0: paddr=00010020 vaddr=3f400020 size=0b498h ( 46232) map[0m
[0;32mI (123) esp_image: segment 1: paddr=0001b4c0 vaddr=3ffb0000 size=02178h (  8568) load[0m
[0;32mI (126) esp_image: segment 2: paddr=0001d640 vaddr=40080000 size=029d8h ( 10712) load[0m
[0;32mI (133) esp_image: segment 3: paddr=00020020 vaddr=400d0020 size=16918h ( 92440) map[0m
[0;32mI (170) esp_image: segment 4: paddr=00036940 vaddr=400829d8 size=0acech ( 44268) load[0m
[0;32mI (196) boot: Loaded app from partition at offset 0x10000[0m
[0;32mI (196) boot: Disabling RNG early entropy source...[0m
[0;32mI (207) cpu_start: Multicore app[0m
[0;32mI (208) cpu_start: Pro cpu up.[0m
[0;32mI (208) cpu_start: Starting app cpu, entry point is 0x40081200[0m
[0;32mI (195) cpu_start: App cpu up.[0m
[0;32mI (226) cpu_start: Pro cpu start user code[0m
[0;32mI (226) cpu_start: cpu freq: 160000000 Hz[0m
[0;32mI (226) cpu_start: Application information:[0m
[0;32mI (231) cpu_start: Project name:     main[0m
[0;32mI (235) cpu_start: App version:      2de3fa6-dirty[0m
[0;32mI (241) cpu_start: Compile time:     Apr  1 2024 23:03:46[0m
[0;32mI (247) cpu_start: ELF file SHA256:  4a5c1a671f1b5695...[0m
[0;32mI (253) cpu_start: ESP-IDF:          v5.1.2-365-ge60b0235ad[0m
[0;32mI (259) cpu_start: Min chip rev:     v0.0[0m
[0;32mI (264) cpu_start: Max chip rev:     v3.99 [0m
[0;32mI (269) cpu_start: Chip rev:         v1.0[0m
[0;32mI (274) heap_init: Initializing. RAM available for dynamic allocation:[0m
[0;32mI (281) heap_init: At 3FFAE6E0 len 00001920 (6 KiB): DRAM[0m
[0;32mI (287) heap_init: At 3FFB2A48 len 0002D5B8 (181 KiB): DRAM[0m
[0;32mI (293) heap_init: At 3FFE0440 len 00003AE0 (14 KiB): D/IRAM[0m
[0;32mI (299) heap_init: At 3FFE4350 len 0001BCB0 (111 KiB): D/IRAM[0m
[0;32mI (306) heap_init: At 4008D6C4 len 0001293C (74 KiB): IRAM[0m
[0;32mI (313) spi_flash: detected chip: gd[0m
[0;32mI (316) spi_flash: flash io: dio[0m
[0;33mW (320) spi_flash: Detected size(4096k) larger than the size in the binary image header(2048k). Using the size in the binary image header.[0m
[0;32mI (334) app_start: Starting scheduler on CPU0[0m
[0;32mI (338) app_start: Starting scheduler on CPU1[0m
[0;32mI (338) main_task: Started on CPU0[0m
[0;32mI (348) main_task: Calling app_main()[0m
[0;32mI (348) COTS: Cots initialization[0m
[0;32mI (348) COTS: **** TELEMETRUM ****[0m
[0;32mI (358) gpio: GPIO[19]| InputEn: 0| OutputEn: 1| OpenDrain: 0| Pullup: 0| Pulldown: 0| Intr:0 [0m
[0;32mI (368) COTS: Telemetrum initialization done :D[0m
[0;32mI (368) COTS: Cots initialization[0m
[0;32mI (378) COTS: ***** EASYMINI *****[0m
[0;32mI (378) gpio: GPIO[18]| InputEn: 0| OutputEn: 1| OpenDrain: 0| Pullup: 0| Pulldown: 0| Intr:0 [0m
[0;32mI (388) gpio: GPIO[10]| InputEn: 1| OutputEn: 0| OpenDrain: 0| Pullup: 0| Pulldown: 0| Intr:0 [0m
[0;32mI (398) gpio: GPIO[9]| InputEn: 1| OutputEn: 0| OpenDrain: 0| Pullup: 0| Pulldown: 0| Intr:4 [0m
[0;32mI (408) COTS: EasyMini initialization done :D[0m
[0;32mI (408) RECOVERY: Recovery System Initialization[0m
[0;32mI (418) RECOVERY: DUPA[0m
[0;32mI (418) gpio: GPIO[4]| InputEn: 1| OutputEn: 0| OpenDrain: 0| Pullup: 0| Pulldown: 0| Intr:0 [0m
[0;32mI (428) gpio: GPIO[10]| InputEn: 1| OutputEn: 0| OpenDrain: 0| Pullup: 0| Pulldown: 0| Intr:0 [0m
[0;32mI (438) RECOVERY: DUPA2[0m
[0;32mI (438) gpio: GPIO[5]| InputEn: 0| OutputEn: 1| OpenDrain: 0| Pullup: 0| Pulldown: 0| Intr:0 [0m
[0;32mI (448) gpio: GPIO[22]| InputEn: 0| OutputEn: 1| OpenDrain: 0| Pullup: 0| Pulldown: 0| Intr:0 [0m
[0;32mI (458) gpio: GPIO[23]| InputEn: 0| OutputEn: 1| OpenDrain: 0| Pullup: 0| Pulldown: 0| Intr:0 [0m
[0;32mI (468) RECOVERY: DUPA3[0m
[0;32mI (468) RECOVERY: Recovery system initialization done :D[0m
[0;32mI (478) I2C: I2C INIT[0m
[0;32mI (478) I2C: DUPA[0m
[0;31mE (478) i2c: i2c_set_pin(927): sda gpio number error[0m
[0;32mI (488) I2C: DUPA2[0m
[0;32mI (488) I2C: DUPA3 [0m
[0;31mE (498) gpio: esp_intr_alloc failed (0x102)[0m
ESP_ERROR_CHECK failed: esp_err_t 0x105 (ESP_ERR_NOT_FOUND) at 0x400d5a1e
file: "./main/main.c" line 99
func: app_main
expression: gpio_install_isr_service(ESP_INTR_FLAG_NMI)

abort() was called at PC 0x40086b9b on core 0


Backtrace: 0x40081832:0x3ffb4c40 0x40086ba5:0x3ffb4c60 0x4008c20a:0x3ffb4c80 0x40086b9b:0x3ffb4cf0 0x400d5a1e:0x3ffb4d20 0x400e6188:0x3ffb4d40 0x40089195:0x3ffb4d70




ELF file SHA256: 4a5c1a671f1b5695

Rebooting...
ets Jun  8 2016 00:22:57

rst:0xc (SW_CPU_RESET),boot:0x13 (SPI_FAST_FLASH_BOOT)
configsip: 188777542, SPIWP:0xee
clk_drv:0x00,q_drv:0x00,d_drv:0x00,cs0_drv:0x00,hd_drv:0x00,wp_drv:0x00
mode:DIO, clock div:2
load:0x3fff0030,len:7096
load:0x40078000,len:15584
load:0x40080400,len:4
ho 8 tail 4 room 4
load:0x40080404,len:3876
entry 0x4008064c
[0;32mI (31) boot: ESP-IDF v5.1.2-365-ge60b0235ad 2nd stage bootloader[0m
[0;32mI (31) boot: compile time Apr  1 2024 23:03:50[0m
[0;32mI (33) boot: Multicore bootloader[0m
[0;32mI (37) boot: chip revision: v1.0[0m
[0;32mI (41) boot.esp32: SPI Speed      : 40MHz[0m
[0;32mI (46) boot.esp32: SPI Mode       : DIO[0m
[0;32mI (50) boot.esp32: SPI Flash Size : 2MB[0m
[0;32mI (55) boot: Enabling RNG early entropy source...[0m
[0;32mI (60) boot: Partition Table:[0m
[0;32mI (64) boot: ## Label            Usage          Type ST Offset   Length[0m
[0;32mI (71) boot:  0 nvs              WiFi data        01 02 00009000 00006000[0m
[0;32mI (78) boot:  1 phy_init         RF data          01 01 0000f000 00001000[0m
[0;32mI (86) boot:  2 factory          factory app      00 00 00010000 00100000[0m
[0;32mI (93) boot: End of partition table[0m
[0;32mI (98) esp_image: segment 0: paddr=00010020 vaddr=3f400020 size=0b498h ( 46232) map[0m
[0;32mI (123) esp_image: segment 1: paddr=0001b4c0 vaddr=3ffb0000 size=02178h (  8568) load[0m
[0;32mI (126) esp_image: segment 2: paddr=0001d640 vaddr=40080000 size=029d8h ( 10712) load[0m
[0;32mI (133) esp_image: segment 3: paddr=00020020 vaddr=400d0020 size=16918h ( 92440) map[0m
[0;32mI (170) esp_image: segment 4: paddr=00036940 vaddr=400829d8 size=0acech ( 44268) load[0m
[0;32mI (196) boot: Loaded app from partition at offset 0x10000[0m
[0;32mI (196) boot: Disabling RNG early entropy source...[0m
[0;32mI (207) cpu_start: Multicore app[0m
[0;32mI (208) cpu_start: Pro cpu up.[0m
[0;32mI (208) cpu_start: Starting app cpu, entry point is 0x40081200[0m
[0;32mI (195) cpu_start: App cpu up.[0m
[0;32mI (226) cpu_start: Pro cpu start user code[0m
[0;32mI (226) cpu_start: cpu freq: 160000000 Hz[0m
[0;32mI (226) cpu_start: Application information:[0m
[0;32mI (231) cpu_start: Project name:     main[0m
[0;32mI (235) cpu_start: App version:      2de3fa6-dirty[0m
[0;32mI (241) cpu_start: Compile time:     Apr  1 2024 23:03:46[0m
[0;32mI (247) cpu_start: ELF file SHA256:  4a5c1a671f1b5695...[0m
[0;32mI (253) cpu_start: ESP-IDF:          v5.1.2-365-ge60b0235ad[0m
[0;32mI (259) cpu_start: Min chip rev:     v0.0[0m
[0;32mI (264) cpu_start: Max chip rev:     v3.99 [0m
[0;32mI (269) cpu_start: Chip rev:         v1.0[0m
[0;32mI (274) heap_init: Initializing. RAM available for dynamic allocation:[0m
[0;32mI (281) heap_init: At 3FFAE6E0 len 00001920 (6 KiB): DRAM[0m
[0;32mI (287) heap_init: At 3FFB2A48 len 0002D5B8 (181 KiB): DRAM[0m
[0;32mI (293) heap_init: At 3FFE0440 len 00003AE0 (14 KiB): D/IRAM[0m
[0;32mI (299) heap_init: At 3FFE4350 len 0001BCB0 (111 KiB): D/IRAM[0m
[0;32mI (306) heap_init: At 4008D6C4 len 0001293C (74 KiB): IRAM[0m
[0;32mI (313) spi_flash: detected chip: gd[0m
[0;32mI (316) spi_flash: flash io: dio[0m
[0;33mW (320) spi_flash: Detected size(4096k) larger than the size in the binary image header(2048k). Using the size in the binary image header.[0m
[0;32mI (334) app_start: Starting scheduler on CPU0[0m
[0;32mI (338) app_start: Starting scheduler on CPU1[0m
[0;32mI (338) main_task: Started on CPU0[0m
[0;32mI (348) main_task: Calling app_main()[0m
[0;32mI (348) COTS: Cots initialization[0m
[0;32mI (348) COTS: **** TELEMETRUM ****[0m
[0;32mI (358) gpio: GPIO[19]| InputEn: 0| OutputEn: 1| OpenDrain: 0| Pullup: 0| Pulldown: 0| Intr:0 [0m
[0;32mI (368) COTS: Telemetrum initialization done :D[0m
[0;32mI (368) COTS: Cots initialization[0m
[0;32mI (378) COTS: ***** EASYMINI *****[0m
[0;32mI (378) gpio: GPIO[18]| InputEn: 0| OutputEn: 1| OpenDrain: 0| Pullup: 0| Pulldown: 0| Intr:0 [0m
[0;32mI (388) gpio: GPIO[10]| InputEn: 1| OutputEn: 0| OpenDrain: 0| Pullup: 0| Pulldown: 0| Intr:0 [0m
[0;32mI (398) gpio: GPIO[9]| InputEn: 1| OutputEn: 0| OpenDrain: 0| Pullup: 0| Pulldown: 0| Intr:4 [0m
[0;32mI (408) COTS: EasyMini initialization done :D[0m
[0;32mI (408) RECOVERY: Recovery System Initialization[0m
[0;32mI (418) RECOVERY: DUPA[0m
[0;32mI (418) gpio: GPIO[4]| InputEn: 1| OutputEn: 0| OpenDrain: 0| Pullup: 0| Pulldown: 0| Intr:0 [0m
[0;32mI (428) gpio: GPIO[10]| InputEn: 1| OutputEn: 0| OpenDrain: 0| Pullup: 0| Pulldown: 0| Intr:0 [0m
[0;32mI (438) RECOVERY: DUPA2[0m
[0;32mI (438) gpio: GPIO[5]| InputEn: 0| OutputEn: 1| OpenDrain: 0| Pullup: 0| Pulldown: 0| Intr:0 [0m
[0;32mI (448) gpio: GPIO[22]| InputEn: 0| OutputEn: 1| OpenDrain: 0| Pullup: 0| Pulldown: 0| Intr:0 [0m
[0;32mI (458) gpio: GPIO[23]| InputEn: 0| OutputEn: 1| OpenDrain: 0| Pullup: 0| Pulldown: 0| Intr:0 [0m
[0;32mI (468) RECOVERY: DUPA3[0m
[0;32mI (468) RECOVERY: Recovery system initialization done :D[0m
[0;32mI (478) I2C: I2C INIT[0m
[0;32mI (478) I2C: DUPA[0m
[0;31mE (478) i2c: i2c_set_pin(927): sda gpio number error[0m
[0;32mI (488) I2C: DUPA2[0m
[0;32mI (488) I2C: DUPA3 [0m
[0;31mE (498) gpio: esp_intr_alloc failed (0x102)[0m
ESP_ERROR_CHECK failed: esp_err_t 0x105 (ESP_ERR_NOT_FOUND) at 0x400d5a1e
file: "./main/main.c" line 99
func: app_main
expression: gpio_install_isr_service(ESP_INTR_FLAG_NMI)

abort() was called at PC 0x40086b9b on core 0


Backtrace: 0x40081832:0x3ffb4c40 0x40086ba5:0x3ffb4c60 0x4008c20a:0x3ffb4c80 0x40086b9b:0x3ffb4cf0 0x400d5a1e:0x3ffb4d20 0x400e6188:0x3ffb4d40 0x40089195:0x3ffb4d70




ELF file SHA256: 4a5c1a671f1b5695

Rebooting...
ets Jun  8 2016 00:22:57

rst:0xc (SW_CPU_RESET),boot:0x13 (SPI_FAST_FLASH_BOOT)
configsip: 188777542, SPIWP:0xee
clk_drv:0x00,q_drv:0x00,d_drv:0x00,cs0_drv:0x00,hd_drv:0x00,wp_drv:0x00
mode:DIO, clock div:2
load:0x3fff0030,len:7096
load:0x40078000,len:15584
load:0x40080400,len:4
ho 8 tail 4 room 4
load:0x40080404,len:3876
entry 0x4008064c
[0;32mI (31) boot: ESP-IDF v5.1.2-365-ge60b0235ad 2nd stage bootloader[0m
[0;32mI (31) boot: compile time Apr  1 2024 23:03:50[0m
[0;32mI (33) boot: Multicore bootloader[0m
[0;32mI (37) boot: chip revision: v1.0[0m
[0;32mI (41) boot.esp32: SPI Speed      : 40MHz[0m
[0;32mI (46) boot.esp32: SPI Mode       : DIO[0m
[0;32mI (50) boot.esp32: SPI Flash Size : 2MB[0m
[0;32mI (55) boot: Enabling RNG early entropy source...[0m
[0;32mI (60) boot: Partition Table:[0m
[0;32mI (64) boot: ## Label            Usage          Type ST Offset   Length[0m
[0;32mI (71) boot:  0 nvs              WiFi data        01 02 00009000 00006000[0m
[0;32mI (78) boot:  1 phy_init         RF data          01 01 0000f000 00001000[0m
[0;32mI (86) boot:  2 factory          factory app      00 00 00010000 00100000[0m
[0;32mI (93) boot: End of partition table[0m
[0;32mI (98) esp_image: segment 0: paddr=00010020 vaddr=3f400020 size=0b498h ( 46232) map[0m
[0;32mI (123) esp_image: segment 1: paddr=0001b4c0 vaddr=3ffb0000 size=02178h (  8568) load[0m
[0;32mI (126) esp_image: segment 2: paddr=0001d640 vaddr=40080000 size=029d8h ( 10712) load[0m
[0;32mI (133) esp_image: segment 3: paddr=00020020 vaddr=400d0020 size=16918h ( 92440) map[0m
[0;32mI (170) esp_image: segment 4: paddr=00036940 vaddr=400829d8 size=0acech ( 44268) load[0m
[0;32mI (196) boot: Loaded app from partition at offset 0x10000[0m
[0;32mI (196) boot: Disabling RNG early entropy source...[0m
[0;32mI (207) cpu_start: Multicore app[0m
[0;32mI (208) cpu_start: Pro cpu up.[0m
[0;32mI (208) cpu_start: Starting app cpu, entry point is 0x40081200[0m
[0;32mI (195) cpu_start: App cpu up.[0m
[0;32mI (226) cpu_start: Pro cpu start user code[0m
[0;32mI (226) cpu_start: cpu freq: 160000000 Hz[0m
[0;32mI (226) cpu_start: Application information:[0m
[0;32mI (231) cpu_start: Project name:     main[0m
[0;32mI (235) cpu_start: App version:      2de3fa6-dirty[0m
[0;32mI (241) cpu_start: Compile time:     Apr  1 2024 23:03:46[0m
[0;32mI (247) cpu_start: ELF file SHA256:  4a5c1a671f1b5695...[0m
[0;32mI (253) cpu_start: ESP-IDF:          v5.1.2-365-ge60b0235ad[0m
[0;32mI (259) cpu_start: Min chip rev:     v0.0[0m
[0;32mI (264) cpu_start: Max chip rev:     v3.99 [0m
[0;32mI (269) cpu_start: Chip rev:         v1.0[0m
[0;32mI (274) heap_init: Initializing. RAM available for dynamic allocation:[0m
[0;32mI (281) heap_init: At 3FFAE6E0 len 00001920 (6 KiB): DRAM[0m
[0;32mI (287) heap_init: At 3FFB2A48 len 0002D5B8 (181 KiB): DRAM[0m
[0;32mI (293) heap_init: At 3FFE0440 len 00003AE0 (14 KiB): D/IRAM[0m
[0;32mI (299) heap_init: At 3FFE4350 len 0001BCB0 (111 KiB): D/IRAM[0m
[0;32mI (306) heap_init: At 4008D6C4 len 0001293C (74 KiB): IRAM[0m
[0;32mI (313) spi_flash: detected chip: gd[0m
[0;32mI (316) spi_flash: flash io: dio[0m
[0;33mW (320) spi_flash: Detected size(4096k) larger than the size in the binary image header(2048k). Using the size in the binary image header.[0m
[0;32mI (334) app_start: Starting scheduler on CPU0[0m
[0;32mI (338) app_start: Starting scheduler on CPU1[0m
[0;32mI (338) main_task: Started on CPU0[0m
[0;32mI (348) main_task: Calling app_main()[0m
[0;32mI (348) COTS: Cots initialization[0m
[0;32mI (348) COTS: **** TELEMETRUM ****[0m
[0;32mI (358) gpio: GPIO[19]| InputEn: 0| OutputEn: 1| OpenDrain: 0| Pullup: 0| Pulldown: 0| Intr:0 [0m
[0;32mI (368) COTS: Telemetrum initialization done :D[0m
[0;32mI (368) COTS: Cots initialization[0m
[0;32mI (378) COTS: ***** EASYMINI *****[0m
[0;32mI (378) gpio: GPIO[18]| InputEn: 0| OutputEn: 1| OpenDrain: 0| Pullup: 0| Pulldown: 0| Intr:0 [0m
[0;32mI (388) gpio: GPIO[10]| InputEn: 1| OutputEn: 0| OpenDrain: 0| Pullup: 0| Pulldown: 0| Intr:0 [0m
[0;32mI (398) gpio: GPIO[9]| InputEn: 1| OutputEn: 0| OpenDrain: 0| Pullup: 0| Pulldown: 0| Intr:4 [0m
[0;32mI (408) COTS: EasyMini initialization done :D[0m
[0;32mI (408) RECOVERY: Recovery System Initialization[0m
[0;32mI (418) RECOVERY: DUPA[0m
[0;32mI (418) gpio: GPIO[4]| InputEn: 1| OutputEn: 0| OpenDrain: 0| Pullup: 0| Pulldown: 0| Intr:0 [0m
[0;32mI (428) gpio: GPIO[10]| InputEn: 1| OutputEn: 0| OpenDrain: 0| Pullup: 0| Pulldown: 0| Intr:0 [0m
[0;32mI (438) RECOVERY: DUPA2[0m
[0;32mI (438) gpio: GPIO[5]| InputEn: 0| OutputEn: 1| OpenDrain: 0| Pullup: 0| Pulldown: 0| Intr:0 [0m
[0;32mI (448) gpio: GPIO[22]| InputEn: 0| OutputEn: 1| OpenDrain: 0| Pullup: 0| Pulldown: 0| Intr:0 [0m
[0;32mI (458) gpio: GPIO[23]| InputEn: 0| OutputEn: 1| OpenDrain: 0| Pullup: 0| Pulldown: 0| Intr:0 [0m
[0;32mI (468) RECOVERY: DUPA3[0m
[0;32mI (468) RECOVERY: Recovery system initialization done :D[0m
[0;32mI (478) I2C: I2C INIT[0m
[0;32mI (478) I2C: DUPA[0m
[0;31mE (478) i2c: i2c_set_pin(927): sda gpio number error[0m
[0;32mI (488) I2C: DUPA2[0m
[0;32mI (488) I2C: DUPA3 [0m
[0;31mE (498) gpio: esp_intr_alloc failed (0x102)[0m
ESP_ERROR_CHECK failed: esp_err_t 0x105 (ESP_ERR_NOT_FOUND) at 0x400d5a1e
file: "./main/main.c" line 99
func: app_main
expression: gpio_install_isr_service(ESP_INTR_FLAG_NMI)

abort() was called at PC 0x40086b9b on core 0


Backtrace: 0x40081832:0x3ffb4c40 0x40086ba5:0x3ffb4c60 0x4008c20a:0x3ffb4c80 0x40086b9b:0x3ffb4cf0 0x400d5a1e:0x3ffb4d20 0x400e6188:0x3ffb4d40 0x40089195:0x3ffb4d70




ELF file SHA256: 4a5c1a671f1b5695

Rebooting...
ets Jun  8 2016 00:22:57

rst:0xc (SW_CPU_RESET),boot:0x13 (SPI_FAST_FLASH_BOOT)
configsip: 188777542, SPIWP:0xee
clk_drv:0x00,q_drv:0x00,d_drv:0x00,cs0_drv:0x00,hd_drv:0x00,wp_drv:0x00
mode:DIO, clock div:2
load:0x3fff0030,len:7096
load:0x40078000,len:15584
load:0x40080400,len:4
ho 8 tail 4 room 4
load:0x40080404,len:3876
entry 0x4008064c
[0;32mI (31) boot: ESP-IDF v5.1.2-365-ge60b0235ad 2nd stage bootloader[0m
[0;32mI (31) boot: compile time Apr  1 2024 23:03:50[0m
[0;32mI (33) boot: Multicore bootloader[0m
[0;32mI (37) boot: chip revision: v1.0[0m
[0;32mI (41) boot.esp32: SPI Speed      : 40MHz[0m
[0;32mI (46) boot.esp32: SPI Mode       : DIO[0m
[0;32mI (50) boot.esp32: SPI Flash Size : 2MB[0m
[0;32mI (55) boot: Enabling RNG early entropy source...[0m
[0;32mI (60) boot: Partition Table:[0m
[0;32mI (64) boot: ## Label            Usage          Type ST Offset   Length[0m
[0;32mI (71) boot:  0 nvs              WiFi data        01 02 00009000 00006000[0m
[0;32mI (78) boot:  1 phy_init         RF data          01 01 0000f000 00001000[0m
[0;32mI (86) boot:  2 factory          factory app      00 00 00010000 00100000[0m
[0;32mI (93) boot: End of partition table[0m
[0;32mI (98) esp_image: segment 0: paddr=00010020 vaddr=3f400020 size=0b498h ( 46232) map[0m
[0;32mI (123) esp_image: segment 1: paddr=0001b4c0 vaddr=3ffb0000 size=02178h (  8568) load[0m
[0;32mI (126) esp_image: segment 2: paddr=0001d640 vaddr=40080000 size=029d8h ( 10712) load[0m
[0;32mI (133) esp_image: segment 3: paddr=00020020 vaddr=400d0020 size=16918h ( 92440) map[0m
[0;32mI (170) esp_image: segment 4: paddr=00036940 vaddr=400829d8 size=0acech ( 44268) load[0m
[0;32mI (196) boot: Loaded app from partition at offset 0x10000[0m
[0;32mI (196) boot: Disabling RNG early entropy source...[0m
[0;32mI (207) cpu_start: Multicore app[0m
[0;32mI (208) cpu_start: Pro cpu up.[0m
[0;32mI (208) cpu_start: Starting app cpu, entry point is 0x40081200[0m
[0;32mI (195) cpu_start: App cpu up.[0m
[0;32mI (226) cpu_start: Pro cpu start user code[0m
[0;32mI (226) cpu_start: cpu freq: 160000000 Hz[0m
[0;32mI (226) cpu_start: Application information:[0m
[0;32mI (231) cpu_start: Project name:     main[0m
[0;32mI (235) cpu_start: App version:      2de3fa6-dirty[0m
[0;32mI (241) cpu_start: Compile time:     Apr  1 2024 23:03:46[0m
[0;32mI (247) cpu_start: ELF file SHA256:  4a5c1a671f1b5695...[0m
[0;32mI (253) cpu_start: ESP-IDF:          v5.1.2-365-ge60b0235ad[0m
[0;32mI (259) cpu_start: Min chip rev:     v0.0[0m
[0;32mI (264) cpu_start: Max chip rev:     v3.99 [0m
[0;32mI (269) cpu_start: Chip rev:         v1.0[0m
[0;32mI (274) heap_init: Initializing. RAM available for dynamic allocation:[0m
[0;32mI (281) heap_init: At 3FFAE6E0 len 00001920 (6 KiB): DRAM[0m
[0;32mI (287) heap_init: At 3FFB2A48 len 0002D5B8 (181 KiB): DRAM[0m
[0;32mI (293) heap_init: At 3FFE0440 len 00003AE0 (14 KiB): D/IRAM[0m
[0;32mI (299) heap_init: At 3FFE4350 len 0001BCB0 (111 KiB): D/IRAM[0m
[0;32mI (306) heap_init: At 4008D6C4 len 0001293C (74 KiB): IRAM[0m
[0;32mI (313) spi_flash: detected chip: gd[0m
[0;32mI (316) spi_flash: flash io: dio[0m
[0;33mW (320) spi_flash: Detected size(4096k) larger than the size in the binary image header(2048k). Using the size in the binary image header.[0m
[0;32mI (334) app_start: Starting scheduler on CPU0[0m
[0;32mI (338) app_start: Starting scheduler on CPU1[0m
[0;32mI (338) main_task: Started on CPU0[0m
[0;32mI (348) main_task: Calling app_main()[0m
[0;32mI (348) COTS: Cots initialization[0m
[0;32mI (348) COTS: **** TELEMETRUM ****[0m
[0;32mI (358) gpio: GPIO[19]| InputEn: 0| OutputEn: 1| OpenDrain: 0| Pullup: 0| Pulldown: 0| Intr:0 [0m
[0;32mI (368) COTS: Telemetrum initialization done :D[0m
[0;32mI (368) COTS: Cots initialization[0m
[0;32mI (378) COTS: ***** EASYMINI *****[0m
[0;32mI (378) gpio: GPIO[18]| InputEn: 0| OutputEn: 1| OpenDrain: 0| Pullup: 0| Pulldown: 0| Intr:0 [0m
[0;32mI (388) gpio: GPIO[10]| InputEn: 1| OutputEn: 0| OpenDrain: 0| Pullup: 0| Pulldown: 0| Intr:0 [0m
[0;32mI (398) gpio: GPIO[9]| InputEn: 1| OutputEn: 0| OpenDrain: 0| Pullup: 0| Pulldown: 0| Intr:4 [0m
[0;32mI (408) COTS: EasyMini initialization done :D[0m
[0;32mI (408) RECOVERY: Recovery System Initialization[0m
[0;32mI (418) RECOVERY: DUPA[0m
[0;32mI (418) gpio: GPIO[4]| InputEn: 1| OutputEn: 0| OpenDrain: 0| Pullup: 0| Pulldown: 0| Intr:0 [0m
[0;32mI (428) gpio: GPIO[10]| InputEn: 1| OutputEn: 0| OpenDrain: 0| Pullup: 0| Pulldown: 0| Intr:0 [0m
[0;32mI (438) RECOVERY: DUPA2[0m
[0;32mI (438) gpio: GPIO[5]| InputEn: 0| OutputEn: 1| OpenDrain: 0| Pullup: 0| Pulldown: 0| Intr:0 [0m
[0;32mI (448) gpio: GPIO[22]| InputEn: 0| OutputEn: 1| OpenDrain: 0| Pullup: 0| Pulldown: 0| Intr:0 [0m
[0;32mI (458) gpio: GPIO[23]| InputEn: 0| OutputEn: 1| OpenDrain: 0| Pullup: 0| Pulldown: 0| Intr:0 [0m
[0;32mI (468) RECOVERY: DUPA3[0m
[0;32mI (468) RECOVERY: Recovery system initialization done :D[0m
[0;32mI (478) I2C: I2C INIT[0m
[0;32mI (478) I2C: DUPA[0m
[0;31mE (478) i2c: i2c_set_pin(927): sda gpio number error[0m
[0;32mI (488) I2C: DUPA2[0m
[0;32mI (488) I2C: DUPA3 [0m
[0;31mE (498) gpio: esp_intr_alloc failed (0x102)[0m
ESP_ERROR_CHECK failed: esp_err_t 0x105 (ESP_ERR_NOT_FOUND) at 0x400d5a1e
file: "./main/main.c" line 99
func: app_main
expression: gpio_install_isr_service(ESP_INTR_FLAG_NMI)

abort() was called at PC 0x40086b9b on core 0


Backtrace: 0x40081832:0x3ffb4c40 0x40086ba5:0x3ffb4c60 0x4008c20a:0x3ffb4c80 0x40086b9b:0x3ffb4cf0 0x400d5a1e:0x3ffb4d20 0x400e6188:0x3ffb4d40 0x40089195:0x3ffb4d70




ELF file SHA256: 4a5c1a671f1b5695

Rebooting...
ets Jun  8 2016 00:22:57

rst:0xc (SW_CPU_RESET),boot:0x13 (SPI_FAST_FLASH_BOOT)
configsip: 188777542, SPIWP:0xee
clk_drv:0x00,q_drv:0x00,d_drv:0x00,cs0_drv:0x00,hd_drv:0x00,wp_drv:0x00
mode:DIO, clock div:2
load:0x3fff0030,len:7096
load:0x40078000,len:15584
load:0x40080400,len:4
ho 8 tail 4 room 4
load:0x40080404,len:3876
entry 0x4008064c
[0;32mI (31) boot: ESP-IDF v5.1.2-365-ge60b0235ad 2nd stage bootloader[0m
[0;32mI (31) boot: compile time Apr  1 2024 23:03:50[0m
[0;32mI (33) boot: Multicore bootloader[0m
[0;32mI (37) boot: chip revision: v1.0[0m
[0;32mI (41) boot.esp32: SPI Speed      : 40MHz[0m
[0;32mI (46) boot.esp32: SPI Mode       : DIO[0m
[0;32mI (50) boot.esp32: SPI Flash Size : 2MB[0m
[0;32mI (55) boot: Enabling RNG early entropy source...[0m
[0;32mI (60) boot: Partition Table:[0m
[0;32mI (64) boot: ## Label            Usage          Type ST Offset   Length[0m
[0;32mI (71) boot:  0 nvs              WiFi data        01 02 00009000 00006000[0m
[0;32mI (78) boot:  1 phy_init         RF data          01 01 0000f000 00001000[0m
[0;32mI (86) boot:  2 factory          factory app      00 00 00010000 00100000[0m
[0;32mI (93) boot: End of partition table[0m
[0;32mI (98) esp_image: segment 0: paddr=00010020 vaddr=3f400020 size=0b498h ( 46232) map[0m
[0;32mI (123) esp_image: segment 1: paddr=0001b4c0 vaddr=3ffb0000 size=02178h (  8568) load[0m
[0;32mI (126) esp_image: segment 2: paddr=0001d640 vaddr=40080000 size=029d8h ( 10712) load[0m
[0;32mI (133) esp_image: segment 3: paddr=00020020 vaddr=400d0020 size=16918h ( 92440) map[0m
[0;32mI (170) esp_image: segment 4: paddr=00036940 vaddr=400829d8 size=0acech ( 44268) load[0m
[0;32mI (196) boot: Loaded app from partition at offset 0x10000[0m
[0;32mI (196) boot: Disabling RNG early entropy source...[0m
[0;32mI (207) cpu_start: Multicore app[0m
[0;32mI (208) cpu_start: Pro cpu up.[0m
[0;32mI (208) cpu_start: Starting app cpu, entry point is 0x40081200[0m
[0;32mI (195) cpu_start: App cpu up.[0m
[0;32mI (226) cpu_start: Pro cpu start user code[0m
[0;32mI (226) cpu_start: cpu freq: 160000000 Hz[0m
[0;32mI (226) cpu_start: Application information:[0m
[0;32mI (231) cpu_start: Project name:     main[0m
[0;32mI (235) cpu_start: App version:      2de3fa6-dirty[0m
[0;32mI (241) cpu_start: Compile time:     Apr  1 2024 23:03:46[0m
[0;32mI (247) cpu_start: ELF file SHA256:  4a5c1a671f1b5695...[0m
[0;32mI (253) cpu_start: ESP-IDF:          v5.1.2-365-ge60b0235ad[0m
[0;32mI (259) cpu_start: Min chip rev:     v0.0[0m
[0;32mI (264) cpu_start: Max chip rev:     v3.99 [0m
[0;32mI (269) cpu_start: Chip rev:         v1.0[0m
[0;32mI (274) heap_init: Initializing. RAM available for dynamic allocation:[0m
[0;32mI (281) heap_init: At 3FFAE6E0 len 00001920 (6 KiB): DRAM[0m
[0;32mI (287) heap_init: At 3FFB2A48 len 0002D5B8 (181 KiB): DRAM[0m
[0;32mI (293) heap_init: At 3FFE0440 len 00003AE0 (14 KiB): D/IRAM[0m
[0;32mI (299) heap_init: At 3FFE4350 len 0001BCB0 (111 KiB): D/IRAM[0m
[0;32mI (306) heap_init: At 4008D6C4 len 0001293C (74 KiB): IRAM[0m
[0;32mI (313) spi_flash: detected chip: gd[0m
[0;32mI (316) spi_flash: flash io: dio[0m
[0;33mW (320) spi_flash: Detected size(4096k) larger than the size in the binary image header(2048k). Using the size in the binary image header.[0m
[0;32mI (334) app_start: Starting scheduler on CPU0[0m
[0;32mI (338) app_start: Starting scheduler on CPU1[0m
[0;32mI (338) main_task: Started on CPU0[0m
[0;32mI (348) main_task: Calling app_main()[0m
[0;32mI (348) COTS: Cots initialization[0m
[0;32mI (348) COTS: **** TELEMETRUM ****[0m
[0;32mI (358) gpio: GPIO[19]| InputEn: 0| OutputEn: 1| OpenDrain: 0| Pullup: 0| Pulldown: 0| Intr:0 [0m
[0;32mI (368) COTS: Telemetrum initialization done :D[0m
[0;32mI (368) COTS: Cots initialization[0m
[0;32mI (378) COTS: ***** EASYMINI *****[0m
[0;32mI (378) gpio: GPIO[18]| InputEn: 0| OutputEn: 1| OpenDrain: 0| Pullup: 0| Pulldown: 0| Intr:0 [0m
[0;32mI (388) gpio: GPIO[10]| InputEn: 1| OutputEn: 0| OpenDrain: 0| Pullup: 0| Pulldown: 0| Intr:0 [0m
[0;32mI (398) gpio: GPIO[9]| InputEn: 1| OutputEn: 0| OpenDrain: 0| Pullup: 0| Pulldown: 0| Intr:4 [0m
[0;32mI (408) COTS: EasyMini initialization done :D[0m
[0;32mI (408) RECOVERY: Recovery System Initialization[0m
[0;32mI (418) RECOVERY: DUPA[0m
[0;32mI (418) gpio: GPIO[4]| InputEn: 1| OutputEn: 0| OpenDrain: 0| Pullup: 0| Pulldown: 0| Intr:0 [0m
[0;32mI (428) gpio: GPIO[10]| InputEn: 1| OutputEn: 0| OpenDrain: 0| Pullup: 0| Pulldown: 0| Intr:0 [0m
[0;32mI (438) RECOVERY: DUPA2[0m
[0;32mI (438) gpio: GPIO[5]| InputEn: 0| OutputEn: 1| OpenDrain: 0| Pullup: 0| Pulldown: 0| Intr:0 [0m
[0;32mI (448) gpio: GPIO[22]| InputEn: 0| OutputEn: 1| OpenDrain: 0| Pullup: 0| Pulldown: 0| Intr:0 [0m
[0;32mI (458) gpio: GPIO[23]| InputEn: 0| OutputEn: 1| OpenDrain: 0| Pullup: 0| Pulldown: 0| Intr:0 [0m
[0;32mI (468) RECOVERY: DUPA3[0m
[0;32mI (468) RECOVERY: Recovery system initialization done :D[0m
[0;32mI (478) I2C: I2C INIT[0m
[0;32mI (478) I2C: DUPA[0m
[0;31mE (478) i2c: i2c_set_pin(927): sda gpio number error[0m
[0;32mI (488) I2C: DUPA2[0m
[0;32mI (488) I2C: DUPA3 [0m
[0;31mE (498) gpio: esp_intr_alloc failed (0x102)[0m
ESP_ERROR_CHECK failed: esp_err_t 0x105 (ESP_ERR_NOT_FOUND) at 0x400d5a1e
file: "./main/main.c" line 99
func: app_main
expression: gpio_install_isr_service(ESP_INTR_FLAG_NMI)

abort() was called at PC 0x40086b9b on core 0


Backtrace: 0x40081832:0x3ffb4c40 0x40086ba5:0x3ffb4c60 0x4008c20a:0x3ffb4c80 0x40086b9b:0x3ffb4cf0 0x400d5a1e:0x3ffb4d20 0x400e6188:0x3ffb4d40 0x40089195:0x3ffb4d70




ELF file SHA256: 4a5c1a671f1b5695

Rebooting...
ets Jun  8 2016 00:22:57

rst:0xc (SW_CPU_RESET),boot:0x13 (SPI_FAST_FLASH_BOOT)
configsip: 188777542, SPIWP:0xee
clk_drv:0x00,q_drv:0x00,d_drv:0x00,cs0_drv:0x00,hd_drv:0x00,wp_drv:0x00
mode:DIO, clock div:2
load:0x3fff0030,len:7096
load:0x40078000,len:15584
load:0x40080400,len:4
ho 8 tail 4 room 4
load:0x40080404,len:3876
entry 0x4008064c
[0;32mI (31) boot: ESP-IDF v5.1.2-365-ge60b0235ad 2nd stage bootloader[0m
[0;32mI (31) boot: compile time Apr  1 2024 23:03:50[0m
[0;32mI (33) boot: Multicore bootloader[0m
[0;32mI (37) boot: chip revision: v1.0[0m
[0;32mI (41) boot.esp32: SPI Speed      : 40MHz[0m
[0;32mI (46) boot.esp32: SPI Mode       : DIO[0m
[0;32mI (50) boot.esp32: SPI Flash Size : 2MB[0m
[0;32mI (55) boot: Enabling RNG early entropy source...[0m
[0;32mI (60) boot: Partition Table:[0m
[0;32mI (64) boot: ## Label            Usage          Type ST Offset   Length[0m
[0;32mI (71) boot:  0 nvs              WiFi data        01 02 00009000 00006000[0m
[0;32mI (78) boot:  1 phy_init         RF data          01 01 0000f000 00001000[0m
[0;32mI (86) boot:  2 factory          factory app      00 00 00010000 00100000[0m
[0;32mI (93) boot: End of partition table[0m
[0;32mI (98) esp_image: segment 0: paddr=00010020 vaddr=3f400020 size=0b498h ( 46232) map[0m
[0;32mI (123) esp_image: segment 1: paddr=0001b4c0 vaddr=3ffb0000 size=02178h (  8568) load[0m
[0;32mI (126) esp_image: segment 2: paddr=0001d640 vaddr=40080000 size=029d8h ( 10712) load[0m
[0;32mI (133) esp_image: segment 3: paddr=00020020 vaddr=400d0020 size=16918h ( 92440) map[0m
[0;32mI (170) esp_image: segment 4: paddr=00036940 vaddr=400829d8 size=0acech ( 44268) load[0m
[0;32mI (196) boot: Loaded app from partition at offset 0x10000[0m
[0;32mI (196) boot: Disabling RNG early entropy source...[0m
[0;32mI (207) cpu_start: Multicore app[0m
[0;32mI (208) cpu_start: Pro cpu up.[0m
[0;32mI (208) cpu_start: Starting app cpu, entry point is 0x40081200[0m
[0;32mI (195) cpu_start: App cpu up.[0m
[0;32mI (226) cpu_start: Pro cpu start user code[0m
[0;32mI (226) cpu_start: cpu freq: 160000000 Hz[0m
[0;32mI (226) cpu_start: Application information:[0m
[0;32mI (231) cpu_start: Project name:     main[0m
[0;32mI (235) cpu_start: App version:      2de3fa6-dirty[0m
[0;32mI (241) cpu_start: Compile time:     Apr  1 2024 23:03:46[0m
[0;32mI (247) cpu_start: ELF file SHA256:  4a5c1a671f1b5695...[0m
[0;32mI (253) cpu_start: ESP-IDF:          v5.1.2-365-ge60b0235ad[0m
[0;32mI (259) cpu_start: Min chip rev:     v0.0[0m
[0;32mI (264) cpu_start: Max chip rev:     v3.99 [0m
[0;32mI (269) cpu_start: Chip rev:         v1.0[0m
[0;32mI (274) heap_init: Initializing. RAM available for dynamic allocation:[0m
[0;32mI (281) heap_init: At 3FFAE6E0 len 00001920 (6 KiB): DRAM[0m
[0;32mI (287) heap_init: At 3FFB2A48 len 0002D5B8 (181 KiB): DRAM[0m
[0;32mI (293) heap_init: At 3FFE0440 len 00003AE0 (14 KiB): D/IRAM[0m
[0;32mI (299) heap_init: At 3FFE4350 len 0001BCB0 (111 KiB): D/IRAM[0m
[0;32mI (306) heap_init: At 4008D6C4 len 0001293C (74 KiB): IRAM[0m
[0;32mI (313) spi_flash: detected chip: gd[0m
[0;32mI (316) spi_flash: flash io: dio[0m
[0;33mW (320) spi_flash: Detected size(4096k) larger than the size in the binary image header(2048k). Using the size in the binary image header.[0m
[0;32mI (334) app_start: Starting scheduler on CPU0[0m
[0;32mI (338) app_start: Starting scheduler on CPU1[0m
[0;32mI (338) main_task: Started on CPU0[0m
[0;32mI (348) main_task: Calling app_main()[0m
[0;32mI (348) COTS: Cots initialization[0m
[0;32mI (348) COTS: **** TELEMETRUM ****[0m
[0;32mI (358) gpio: GPIO[19]| InputEn: 0| OutputEn: 1| OpenDrain: 0| Pullup: 0| Pulldown: 0| Intr:0 [0m
[0;32mI (368) COTS: Telemetrum initialization done :D[0m
[0;32mI (368) COTS: Cots initialization[0m
[0;32mI (378) COTS: ***** EASYMINI *****[0m
[0;32mI (378) gpio: GPIO[18]| InputEn: 0| OutputEn: 1| OpenDrain: 0| Pullup: 0| Pulldown: 0| Intr:0 [0m
[0;32mI (388) gpio: GPIO[10]| InputEn: 1| OutputEn: 0| OpenDrain: 0| Pullup: 0| Pulldown: 0| Intr:0 [0m
[0;32mI (398) gpio: GPIO[9]| InputEn: 1| OutputEn: 0| OpenDrain: 0| Pullup: 0| Pulldown: 0| Intr:4 [0m
[0;32mI (408) COTS: EasyMini initialization done :D[0m
[0;32mI (408) RECOVERY: Recovery System Initialization[0m
[0;32mI (418) RECOVERY: DUPA[0m
[0;32mI (418) gpio: GPIO[4]| InputEn: 1| OutputEn: 0| OpenDrain: 0| Pullup: 0| Pulldown: 0| Intr:0 [0m
[0;32mI (428) gpio: GPIO[10]| InputEn: 1| OutputEn: 0| OpenDrain: 0| Pullup: 0| Pulldown: 0| Intr:0 [0m
[0;32mI (438) RECOVERY: DUPA2[0m
[0;32mI (438) gpio: GPIO[5]| InputEn: 0| OutputEn: 1| OpenDrain: 0| Pullup: 0| Pulldown: 0| Intr:0 [0m
[0;32mI (448) gpio: GPIO[22]| InputEn: 0| OutputEn: 1| OpenDrain: 0| Pullup: 0| Pulldown: 0| Intr:0 [0m
[0;32mI (458) gpio: GPIO[23]| InputEn: 0| OutputEn: 1| OpenDrain: 0| Pullup: 0| Pulldown: 0| Intr:0 [0m
[0;32mI (468) RECOVERY: DUPA3[0m
[0;32mI (468) RECOVERY: Recovery system initialization done :D[0m
[0;32mI (478) I2C: I2C INIT[0m
[0;32mI (478) I2C: DUPA[0m
[0;31mE (478) i2c: i2c_set_pin(927): sda gpio number error[0m
[0;32mI (488) I2C: DUPA2[0m
[0;32mI (488) I2C: DUPA3 [0m
[0;31mE (498) gpio: esp_intr_alloc failed (0x102)[0m
ESP_ERROR_CHECK failed: esp_err_t 0x105 (ESP_ERR_NOT_FOUND) at 0x400d5a1e
file: "./main/main.c" line 99
func: app_main
expression: gpio_install_isr_service(ESP_INTR_FLAG_NMI)

abort() was called at PC 0x40086b9b on core 0


Backtrace: 0x40081832:0x3ffb4c40 0x40086ba5:0x3ffb4c60 0x4008c20a:0x3ffb4c80 0x40086b9b:0x3ffb4cf0 0x400d5a1e:0x3ffb4d20 0x400e6188:0x3ffb4d40 0x40089195:0x3ffb4d70




ELF file SHA256: 4a5c1a671f1b5695

Rebooting...
ets Jun  8 2016 00:22:57

rst:0xc (SW_CPU_RESET),boot:0x13 (SPI_FAST_FLASH_BOOT)
configsip: 188777542, SPIWP:0xee
clk_drv:0x00,q_drv:0x00,d_drv:0x00,cs0_drv:0x00,hd_drv:0x00,wp_drv:0x00
mode:DIO, clock div:2
load:0x3fff0030,len:7096
load:0x40078000,len:15584
load:0x40080400,len:4
ho 8 tail 4 room 4
load:0x40080404,len:3876
entry 0x4008064c
[0;32mI (31) boot: ESP-IDF v5.1.2-365-ge60b0235ad 2nd stage bootloader[0m
[0;32mI (31) boot: compile time Apr  1 2024 23:03:50[0m
[0;32mI (33) boot: Multicore bootloader[0m
[0;32mI (37) boot: chip revision: v1.0[0m
[0;32mI (41) boot.esp32: SPI Speed      : 40MHz[0m
[0;32mI (46) boot.esp32: SPI Mode       : DIO[0m
[0;32mI (50) boot.esp32: SPI Flash Size : 2MB[0m
[0;32mI (55) boot: Enabling RNG early entropy source...[0m
[0;32mI (60) boot: Partition Table:[0m
