ets Jun  8 2016 00:22:57

rst:0x1 (POWERON_RESET),boot:0x13 (SPI_FAST_FLASH_BOOT)
configsip: 188777542, SPIWP:0xee
clk_drv:0x00,q_drv:0x00,d_drv:0x00,cs0_drv:0x00,hd_drv:0x00,wp_drv:0x00
mode:DIO, clock div:2
load:0x3fff0030,len:7096
load:0x40078000,len:15584
load:0x40080400,len:4
ho 8 tail 4 room 4
load:0x40080404,len:3876
entry 0x4008064c
[0;32mI (31) boot: ESP-IDF v5.1.2-365-ge60b0235ad 2nd stage bootloader[0m
[0;32mI (32) boot: compile time Apr  1 2024 23:03:50[0m
[0;32mI (33) boot: Multicore bootloader[0m
[0;32mI (37) boot: chip revision: v1.0[0m
[0;32mI (41) boot.esp32: SPI Speed      : 40MHz[0m
[0;32mI (46) boot.esp32: SPI Mode       : DIO[0m
[0;32mI (50) boot.esp32: SPI Flash Size : 2MB[0m
[0;32mI (55) boot: Enabling RNG early entropy source...[0m
[0;32mI (60) boot: Partition Table:[0m
[0;32mI (64) boot: ## Label            Usage          Type ST Offset   Length[0m
[0;32mI (71) boot:  0 nvs              WiFi data        01 02 00009000 00006000[0m
[0;32mI (78) boot:  1 phy_init         RF data          01 01 0000f000 00001000[0m
[0;32mI (86) boot:  2 factory          factory app      00 00 00010000 00100000[0m
[0;32mI (93) boot: End of partition table[0m
[0;32mI (98) esp_image: segment 0: paddr=00010020 vaddr=3f400020 size=0a2d0h ( 41680) map[0m
[0;32mI (121) esp_image: segment 1: paddr=0001a2f8 vaddr=3ffb0000 size=02148h (  8520) load[0m
[0;32mI (125) esp_image: segment 2: paddr=0001c448 vaddr=40080000 size=03bd0h ( 15312) load[0m
[0;32mI (133) esp_image: segment 3: paddr=00020020 vaddr=400d0020 size=151bch ( 86460) map[0m
[0;32mI (167) esp_image: segment 4: paddr=000351e4 vaddr=40083bd0 size=08608h ( 34312) load[0m
[0;32mI (187) boot: Loaded app from partition at offset 0x10000[0m
[0;32mI (187) boot: Disabling RNG early entropy source...[0m
[0;32mI (199) cpu_start: Multicore app[0m
[0;32mI (199) cpu_start: Pro cpu up.[0m
[0;32mI (199) cpu_start: Starting app cpu, entry point is 0x400810f0[0m
[0;32mI (0) cpu_start: App cpu up.[0m
[0;32mI (217) cpu_start: Pro cpu start user code[0m
[0;32mI (217) cpu_start: cpu freq: 160000000 Hz[0m
[0;32mI (217) cpu_start: Application information:[0m
[0;32mI (222) cpu_start: Project name:     main[0m
[0;32mI (227) cpu_start: App version:      2de3fa6-dirty[0m
[0;32mI (232) cpu_start: Compile time:     Apr  1 2024 23:03:46[0m
[0;32mI (238) cpu_start: ELF file SHA256:  9bd834af5f1b80fb...[0m
[0;32mI (244) cpu_start: ESP-IDF:          v5.1.2-365-ge60b0235ad[0m
[0;32mI (250) cpu_start: Min chip rev:     v0.0[0m
[0;32mI (255) cpu_start: Max chip rev:     v3.99 [0m
[0;32mI (260) cpu_start: Chip rev:         v1.0[0m
[0;32mI (265) heap_init: Initializing. RAM available for dynamic allocation:[0m
[0;32mI (272) heap_init: At 3FFAE6E0 len 00001920 (6 KiB): DRAM[0m
[0;32mI (278) heap_init: At 3FFB2A08 len 0002D5F8 (181 KiB): DRAM[0m
[0;32mI (284) heap_init: At 3FFE0440 len 00003AE0 (14 KiB): D/IRAM[0m
[0;32mI (290) heap_init: At 3FFE4350 len 0001BCB0 (111 KiB): D/IRAM[0m
[0;32mI (297) heap_init: At 4008C1D8 len 00013E28 (79 KiB): IRAM[0m
[0;32mI (305) spi_flash: detected chip: gd[0m
[0;32mI (307) spi_flash: flash io: dio[0m
[0;33mW (311) spi_flash: Detected size(4096k) larger than the size in the binary image header(2048k). Using the size in the binary image header.[0m
[0;32mI (325) app_start: Starting scheduler on CPU0[0m
[0;32mI (329) app_start: Starting scheduler on CPU1[0m
[0;32mI (329) main_task: Started on CPU0[0m
[0;32mI (339) main_task: Calling app_main()[0m
[0;32mI (339) RECOVERY: Recovery System Initialization[0m
[0;32mI (339) gpio: GPIO[5]| InputEn: 1| OutputEn: 0| OpenDrain: 0| Pullup: 0| Pulldown: 0| Intr:0 [0m
[0;32mI (349) gpio: GPIO[7]| InputEn: 1| OutputEn: 0| OpenDrain: 0| Pullup: 0| Pulldown: 0| Intr:0 [0m
[0;32mI (359) gpio: GPIO[12]| InputEn: 1| OutputEn: 0| OpenDrain: 0| Pullup: 0| Pulldown: 0| Intr:0 [0m
[0;32mI (369) gpio: GPIO[4]| InputEn: 0| OutputEn: 1| OpenDrain: 0| Pullup: 0| Pulldown: 0| Intr:0 [0m
[0;32mI (379) gpio: GPIO[10]| InputEn: 0| OutputEn: 1| OpenDrain: 0| Pullup: 0| Pulldown: 0| Intr:0 [0m
ets Jun  8 2016 00:22:57

rst:0x8 (TG1WDT_SYS_RESET),boot:0x13 (SPI_FAST_FLASH_BOOT)
configsip: 188777542, SPIWP:0xee
clk_drv:0x00,q_drv:0x00,d_drv:0x00,cs0_drv:0x00,hd_drv:0x00,wp_drv:0x00
mode:DIO, clock div:2
load:0x3fff0030,len:7096
load:0x40078000,len:15584
load:0x40080400,len:4
ho 8 tail 4 room 4
load:0x40080404,len:3876
entry 0x4008064c
[0;32mI (63) boot: ESP-IDF v5.1.2-365-ge60b0235ad 2nd stage bootloader[0m
[0;32mI (63) boot: compile time Apr  1 2024 23:03:50[0m
[0;32mI (65) boot: Multicore bootloader[0m
[0;32mI (69) boot: chip revision: v1.0[0m
[0;32mI (73) boot.esp32: SPI Speed      : 40MHz[0m
[0;32mI (78) boot.esp32: SPI Mode       : DIO[0m
[0;32mI (82) boot.esp32: SPI Flash Size : 2MB[0m
[0;33mW (87) boot.esp32: PRO CPU has been reset by WDT.[0m
[0;33mW (92) boot.esp32: WDT reset info: PRO CPU PC=0x400803c0[0m
[0;33mW (98) boot.esp32: WDT reset info: APP CPU PC=0x40081776[0m
[0;32mI (104) boot: Enabling RNG early entropy source...[0m
[0;32mI (109) boot: Partition Table:[0m
[0;32mI (113) boot: ## Label            Usage          Type ST Offset   Length[0m
[0;32mI (121) boot:  0 nvs              WiFi data        01 02 00009000 00006000[0m
[0;32mI (128) boot:  1 phy_init         RF data          01 01 0000f000 00001000[0m
[0;32mI (136) boot:  2 factory          factory app      00 00 00010000 00100000[0m
[0;32mI (143) boot: End of partition table[0m
[0;32mI (147) esp_image: segment 0: paddr=00010020 vaddr=3f400020 size=0a2d0h ( 41680) map[0m
[0;32mI (171) esp_image: segment 1: paddr=0001a2f8 vaddr=3ffb0000 size=02148h (  8520) load[0m
[0;32mI (175) esp_image: segment 2: paddr=0001c448 vaddr=40080000 size=03bd0h ( 15312) load[0m
[0;32mI (183) esp_image: segment 3: paddr=00020020 vaddr=400d0020 size=151bch ( 86460) map[0m
[0;32mI (217) esp_imageï¿½ets Junï¿½ets Jun  8 2016 00:22:57

rst:0x1 (POWERON_RESET),boot:0x13 (SPI_FAST_FLASH_BOOT)
configsip: 188777542, SPIWP:0xee
clk_drv:0x00,q_drv:0x00,d_drv:0x00,cs0_drv:0x00,hd_drv:0x00,wp_drv:0x00
mode:DIO, clock div:2
load:0x3fff0030,len:7096
load:0x40078000,len:15584
load:0x40080400,len:4
ho 8 tail 4 room 4
load:0x40080404,len:3876
entry 0x4008064c
[0;32mI (31) boot: ESP-IDF v5.1.2-365-ge60b0235ad 2nd stage bootloader[0m
[0;32mI (32) boot: compile time Apr  1 2024 23:03:50[0m
[0;32mI (33) boot: Multicore bootloader[0m
[0;32mI (37) boot: chip revision: v1.0[0m
[0;32mI (41) boot.esp32: SPI Speed      : 40MHz[0m
[0;32mI (46) boot.esp32: SPI Mode       : DIO[0m
[0;32mI (50) boot.esp32: SPI Flash Size : 2MB[0m
[0;32mI (55) boot: Enabling RNG early entropy source...[0m
[0;32mI (60) boot: Partition Table:[0m
[0;32mI (64) boot: ## Label            Usage          Type ST Offset   Length[0m
[0;32mI (71) boot:  0 nvs              WiFi data        01 02 00009000 00006000[0m
[0;32mI (78) boot:  1 phy_init         RF data          01 01 0000f000 00001000[0m
[0;32mI (86) boot:  2 factory          factory app      00 00 00010000 00100000[0m
[0;32mI (93) boot: End of partition table[0m
[0;32mI (97) esp_image: segment 0: paddr=00010020 vaddr=3f400020 size=0a2d0h ( 41680) map[0m
[0;32mI (121) esp_image: segment 1: paddr=0001a2f8 vaddr=3ffb0000 size=02148h (  8520) load[0m
[0;32mI (125) esp_image: segment 2: paddr=0001c448 vaddr=40080000 size=03bd0h ( 15312) load[0m
[0;32mI (133) esp_image: segment 3: paddr=00020020 vaddr=400d0020 size=151bch ( 86460) map[0m
[0;32mI (167) esp_image: segment 4: paddr=000351e4 vaddr=40083bd0 size=08608h ( 34312) load[0m
[0;32mI (187) boot: Loaded app from partition at offset 0x10000[0m
[0;32mI (187) boot: Disabling RNG early entropy source...[0m
[0;32mI (199) cpu_start: Multicore app[0m
[0;32mI (199) cpu_start: Pro cpu up.[0m
[0;32mI (199) cpu_start: Starting app cpu, entry point is 0x400810f0[0m
[0;32mI (0) cpu_start: App cpu up.[0m
[0;32mI (217) cpu_start: Pro cpu start user code[0m
[0;32mI (217) cpu_start: cpu freq: 160000000 Hz[0m
[0;32mI (217) cpu_start: Application information:[0m
[0;32mI (222) cpu_start: Project name:     main[0m
[0;32mI (227) cpu_start: App version:      2de3fa6-dirty[0m
[0;32mI (232) cpu_start: Compile time:     Apr  1 2024 23:03:46[0m
[0;32mI (238) cpu_start: ELF file SHA256:  9bd834af5f1b80fb...[0m
[0;32mI (244) cpu_start: ESP-IDF:          v5.1.2-365-ge60b0235ad[0m
[0;32mI (250) cpu_start: Min chip rev:     v0.0[0m
[0;32mI (255) cpu_start: Max chip rev:     v3.99 [0m
[0;32mI (260) cpu_start: Chip rev:         v1.0[0m
[0;32mI (265) heap_init: Initializing. RAM available for dynamic allocation:[0m
[0;32mI (272) heap_init: At 3FFAE6E0 len 00001920 (6 KiB): DRAM[0m
[0;32mI (278) heap_init: At 3FFB2A08 len 0002D5F8 (181 KiB): DRAM[0m
[0;32mI (284) heap_init: At 3FFE0440 len 00003AE0 (14 KiB): D/IRAM[0m
[0;32mI (290) heap_init: At 3FFE4350 len 0001BCB0 (111 KiB): D/IRAM[0m
[0;32mI (297) heap_init: At 4008C1D8 len 00013E28 (79 KiB): IRAM[0m
[0;32mI (304) spi_flash: detected chip: gd[0m
[0;32mI (307) spi_flash: flash io: dio[0m
[0;33mW (311) spi_flash: Detected size(4096k) larger than the size in the binary image header(2048k). Using the size in the binary image header.[0m
[0;32mI (325) app_start: Starting scheduler on CPU0[0m
[0;32mI (329) app_start: Starting scheduler on CPU1[0m
[0;32mI (329) main_task: Started on CPU0[0m
[0;32mI (339) main_task: Calling app_main()[0m
[0;32mI (339) RECOVERY: Recovery System Initialization[0m
[0;32mI (339) gpio: GPIO[5]| InputEn: 1| OutputEn: 0| OpenDrain: 0| Pullup: 0| Pulldown: 0| Intr:0 [0m
[0;32mI (349) gpio: GPIO[7]| InputEn: 1| OutputEn: 0| OpenDrain: 0| Pullup: 0| Pulldown: 0| Intr:0 [0m
[0;32mI (359) gpio: GPIO[12]| InputEn: 1| OutputEn: 0| OpenDrain: 0| Pullup: 0| Pulldown: 0| Intr:0 [0m
[0;32mI (369) gpio: GPIO[4]| InputEn: 0| OutputEn: 1| OpenDrain: 0| Pullup: 0| Pulldown: 0| Intr:0 [0m
[0;32mI (379) gpio: GPIO[10]| InputEn: 0| OutputEn: 1| OpenDrain: 0| Pullup: 0| Pulldown: 0| Intr:0 [0m
ets Jun  8 2016 00:22:57

rst:0x1 (POWERON_RESET),boot:0x13 (SPI_FAST_FLASH_BOOT)
configsip: 188777542, SPIWP:0xee
clk_drv:0x00,q_drv:0x00,d_drv:0x00,cs0_drv:0x00,hd_drv:0x00,wp_drv:0x00
mode:DIO, clock div:2
load:0x3fff0030,len:7096
load:0x40078000,len:15584
load:0x40080400,len:4
ho 8 tail 4 room 4
load:0x40080404,len:3876
entry 0x4008064c
[0;32mI (31) boot: ESP-IDF v5.1.2-365-ge60b0235ad 2nd stage bootloader[0m
[0;32mI (32) boot: compile time Apr  1 2024 23:03:50[0m
[0;32mI (33) boot: Multicore bootloader[0m
[0;32mI (37) boot: chip revision: v1.0[0m
[0;32mI (41) boot.esp32: SPI Speed      : 40MHz[0m
[0;32mI (46) boot.esp32: SPI Mode       : DIO[0m
[0;32mI (50) boot.esp32: SPI Flash Size : 2MB[0m
[0;32mI (55) boot: Enabling RNG early entropy source...[0m
[0;32mI (60) boot: Partition Table:[0m
[0;32mI (64) boot: ## Label            Usage          Type ST Offset   Length[0m
[0;32mI (71) boot:  0 nvs              WiFi data        01 02 00009000 00006000[0m
[0;32mI (78) boot:  1 phy_init         RF data          01 01 0000f000 00001000[0m
[0;32mI (86) boot:  2 factory          factory app      00 00 00010000 00100000[0m
[0;32mI (93) boot: End of partition table[0m
[0;32mI (97) esp_image: segment 0: paddr=00010020 vaddr=3f400020 size=0a2d0h ( 41680) map[0m
[0;32mI (121) esp_image: segment 1: paddr=0001a2f8 vaddr=3ffb0000 size=02148h (  8520) load[0m
[0;32mI (125) esp_image: segment 2: paddr=0001c448 vaddr=40080000 size=03bd0h ( 15312) load[0m
[0;32mI (133) esp_image: segment 3: paddr=00020020 vaddr=400d0020 size=151bch ( 86460) map[0m
[0;32mI (167) esp_image: segment 4: paddr=000351e4 vaddr=40083bd0 size=08608h ( 34312) load[0m
[0;32mI (187) boot: Loaded app from partition at offset 0x10000[0m
[0;32mI (187) boot: Disabling RNG early entropy source...[0m
[0;32mI (199) cpu_start: Multicore app[0m
[0;32mI (199) cpu_start: Pro cpu up.[0m
[0;32mI (199) cpu_start: Starting app cpu, entry point is 0x400810f0[0m
[0;32mI (0) cpu_start: App cpu up.[0m
[0;32mI (217) cpu_start: Pro cpu start user code[0m
[0;32mI (217) cpu_start: cpu freq: 160000000 Hz[0m
[0;32mI (217) cpu_start: Application information:[0m
[0;32mI (222) cpu_start: Project name:     main[0m
[0;32mI (227) cpu_start: App version:      2de3fa6-dirty[0m
[0;32mI (232) cpu_start: Compile time:     Apr  1 2024 23:03:46[0m
[0;32mI (238) cpu_start: ELF file SHA256:  9bd834af5f1b80fb...[0m
[0;32mI (244) cpu_start: ESP-IDF:          v5.1.2-365-ge60b0235ad[0m
[0;32mI (250) cpu_start: Min chip rev:     v0.0[0m
[0;32mI (255) cpu_start: Max chip rev:     v3.99 [0m
[0;32mI (260) cpu_start: Chip rev:         v1.0[0m
[0;32mI (265) heap_init: Initializing. RAM available for dynamic allocation:[0m
[0;32mI (272) heap_init: At 3FFAE6E0 len 00001920 (6 KiB): DRAM[0m
[0;32mI (278) heap_init: At 3FFB2A08 len 0002D5F8 (181 KiB): DRAM[0m
[0;32mI (284) heap_init: At 3FFE0440 len 00003AE0 (14 KiB): D/IRAM[0m
[0;32mI (290) heap_init: At 3FFE4350 len 0001BCB0 (111 KiB): D/IRAM[0m
[0;32mI (297) heap_init: At 4008C1D8 len 00013E28 (79 KiB): IRAM[0m
[0;32mI (304) spi_flash: detected chip: gd[0m
[0;32mI (307) spi_flash: flash io: dio[0m
[0;33mW (311) spi_flash: Detected size(4096k) larger than the size in the binary image header(2048k). Using the size in the binary image header.[0m
[0;32mI (325) app_start: Starting scheduler on CPU0[0m
[0;32mI (329) app_start: Starting scheduler on CPU1[0m
[0;32mI (329) main_task: Started on CPU0[0m
[0;32mI (339) main_task: Calling app_main()[0m
[0;32mI (339) RECOVERY: Recovery System Initialization[0m
[0;32mI (339) gpio: GPIO[5]| InputEn: 1| OutputEn: 0| OpenDrain: 0| Pullup: 0| Pulldown: 0| Intr:0 [0m
[0;32mI (349) gpio: GPIO[7]| InputEn: 1| OutputEn: 0| OpenDrain: 0| Pullup: 0| Pulldown: 0| Intr:0 [0m
[0;32mI (359) gpio: GPIO[12]| InputEn: 1| OutputEn: 0| OpenDrain: 0| Pullup: 0| Pulldown: 0| Intr:0 [0m
[0;32mI (369) gpio: GPIO[4]| InputEn: 0| OutputEn: 1| OpenDrain: 0| Pullup: 0| Pulldown: 0| Intr:0 [0m
[0;32mI (379) gpio: GPIO[10]| InputEn: 0| OutputEn: 1| OpenDrain: 0| Pullup: 0| Pulldown: 0| Intr:0 [0m
ets Jun  8 2016 00:22:57

rst:0x1 (POWERON_RESET),boot:0x13 (SPI_FAST_FLASH_BOOT)
configsip: 188777542, SPIWP:0xee
clk_drv:0x00,q_drv:0x00,d_drv:0x00,cs0_drv:0x00,hd_drv:0x00,wp_drv:0x00
mode:DIO, clock div:2
load:0x3fff0030,len:7096
load:0x40078000,len:15584
load:0x40080400,len:4
ho 8 tail 4 room 4
load:0x40080404,len:3876
entry 0x4008064c
[0;32mI (31) boot: ESP-IDF v5.1.2-365-ge60b0235ad 2nd stage bootloader[0m
[0;32mI (32) boot: compile time Apr  1 2024 23:03:50[0m
[0;32mI (33) boot: Multicore bootloader[0m
[0;32mI (37) boot: chip revision: v1.0[0m
[0;32mI (41) boot.esp32: SPI Speed      : 40MHz[0m
[0;32mI (46) boot.esp32: SPI Mode       : DIO[0m
[0;32mI (50) boot.esp32: SPI Flash Size : 2MB[0m
[0;32mI (55) boot: Enabling RNG early entropy source...[0m
[0;32mI (60) boot: Partition Table:[0m
[0;32mI (64) boot: ## Label            Usage          Type ST Offset   Length[0m
[0;32mI (71) boot:  0 nvs              WiFi data        01 02 00009000 00006000[0m
[0;32mI (78) boot:  1 phy_init         RF data          01 01 0000f000 00001000[0m
[0;32mI (86) boot:  2 factory          factory app      00 00 00010000 00100000[0m
[0;32mI (93) boot: End of partition table[0m
[0;32mI (97) esp_image: segment 0: paddr=00010020 vaddr=3f400020 size=0a2d0h ( 41680) map[0m
[0;32mI (121) esp_image: segment 1: paddr=0001a2f8 vaddr=3ffb0000 size=02148h (  8520) load[0m
[0;32mI (125) esp_image: segment 2: paddr=0001c448 vaddr=40080000 size=03bd0h ( 15312) load[0m
[0;32mI (133) esp_image: segment 3: paddr=00020020 vaddr=400d0020 size=151bch ( 86460) map[0m
[0;32mI (167) esp_image: segment 4: paddr=000351e4 vaddr=40083bd0 size=08608h ( 34312) load[0m
[0;32mI (187) boot: Loaded app from partition at offset 0x10000[0m
[0;32mI (187) boot: Disabling RNG early entropy source...[0m
[0;32mI (199) cpu_start: Multicore app[0m
[0;32mI (199) cpu_start: Pro cpu up.[0m
[0;32mI (199) cpu_start: Starting app cpu, entry point is 0x400810f0[0m
[0;32mI (0) cpu_start: App cpu up.[0m
[0;32mI (217) cpu_start: Pro cpu start user code[0m
[0;32mI (217) cpu_start: cpu freq: 160000000 Hz[0m
[0;32mI (217) cpu_start: Application information:[0m
[0;32mI (222) cpu_start: Project name:     main[0m
[0;32mI (226) cpu_start: App version:      2de3fa6-dirty[0m
[0;32mI (232) cpu_start: Compile time:     Apr  1 2024 23:03:46[0m
[0;32mI (238) cpu_start: ELF file SHA256:  9bd834af5f1b80fb...[0m
[0;32mI (244) cpu_start: ESP-IDF:          v5.1.2-365-ge60b0235ad[0m
[0;32mI (250) cpu_start: Min chip rev:     v0.0[0m
[0;32mI (255) cpu_start: Max chip rev:     v3.99 [0m
[0;32mI (260) cpu_start: Chip rev:         v1.0[0m
[0;32mI (265) heap_init: Initializing. RAM available for dynamic allocation:[0m
[0;32mI (272) heap_init: At 3FFAE6E0 len 00001920 (6 KiB): DRAM[0m
[0;32mI (278) heap_init: At 3FFB2A08 len 0002D5F8 (181 KiB): DRAM[0m
[0;32mI (284) heap_init: At 3FFE0440 len 00003AE0 (14 KiB): D/IRAM[0m
[0;32mI (290) heap_init: At 3FFE4350 len 0001BCB0 (111 KiB): D/IRAM[0m
[0;32mI (297) heap_init: At 4008C1D8 len 00013E28 (79 KiB): IRAM[0m
[0;32mI (304) spi_flash: detected chip: gd[0m
[0;32mI (307) spi_flash: flash io: dio[0m
[0;33mW (311) spi_flash: Detected size(4096k) larger than the size in the binary image header(2048k). Using the size in the binary image header.[0m
[0;32mI (325) app_start: Starting scheduler on CPU0[0m
[0;32mI (329) app_start: Starting scheduler on CPU1[0m
[0;32mI (329) main_task: Started on CPU0[0m
[0;32mI (339) main_task: Calling app_main()[0m
[0;32mI (339) RECOVERY: Recovery System Initialization[0m
[0;32mI (339) gpio: GPIO[5]| InputEn: 1| OutputEn: 0| OpenDrain: 0| Pullup: 0| Pulldown: 0| Intr:0 [0m
[0;32mI (349) gpio: GPIO[7]| InputEn: 1| OutputEn: 0| OpenDrain: 0| Pullup: 0| Pulldown: 0| Intr:0 [0m
[0;32mI (359) gpio: GPIO[12]| InputEn: 1| OutputEn: 0| OpenDrain: 0| Pullup: 0| Pulldown: 0| Intr:0 [0m
[0;32mI (369) gpio: GPIO[4]| InputEn: 0| OutputEn: 1| OpenDrain: 0| Pullup: 0| Pulldown: 0| Intr:0 [0m
[0;32mI (379) gpio: GPIO[10]| InputEn: 0| OutputEn: 1| OpenDrain: 0| Pullup: 0| Pulldown: 0| Intr:0 [0m
ets Jun  8 2016 00:22:57

rst:0x1 (POWERON_RESET),boot:0x3 (DOWNLOAD_BOOT(UART0/UART1/SDIO_REI_REO_V2))
waiting for download
ets Jun  8 2016 00:22:57

rst:0x1 (POWERON_RESET),boot:0x3 (DOWNLOAD_BOOT(UART0/UART1/SDIO_REI_REO_V2))
waiting for download
ets Jun  8 2016 00:22:57

rst:0x1 (POWERON_RESET),boot:0x3 (DOWNLOAD_BOOT(UART0/UART1/SDIO_REI_REO_V2))
waiting for download
